Component: ARM Compiler 5.06 update 5 (build 528) Tool: armlink [4d35e2]

==============================================================================

Section Cross References

    startup_stm32f407xx.o(RESET) refers to startup_stm32f407xx.o(STACK) for __initial_sp
    startup_stm32f407xx.o(RESET) refers to startup_stm32f407xx.o(.text) for Reset_Handler
    startup_stm32f407xx.o(RESET) refers to stm32f4xx_it.o(i.NMI_Handler) for NMI_Handler
    startup_stm32f407xx.o(RESET) refers to stm32f4xx_it.o(i.HardFault_Handler) for HardFault_Handler
    startup_stm32f407xx.o(RESET) refers to stm32f4xx_it.o(i.MemManage_Handler) for MemManage_Handler
    startup_stm32f407xx.o(RESET) refers to stm32f4xx_it.o(i.BusFault_Handler) for BusFault_Handler
    startup_stm32f407xx.o(RESET) refers to stm32f4xx_it.o(i.UsageFault_Handler) for UsageFault_Handler
    startup_stm32f407xx.o(RESET) refers to stm32f4xx_it.o(i.SVC_Handler) for SVC_Handler
    startup_stm32f407xx.o(RESET) refers to stm32f4xx_it.o(i.DebugMon_Handler) for DebugMon_Handler
    startup_stm32f407xx.o(RESET) refers to stm32f4xx_it.o(i.PendSV_Handler) for PendSV_Handler
    startup_stm32f407xx.o(RESET) refers to stm32f4xx_it.o(i.SysTick_Handler) for SysTick_Handler
    startup_stm32f407xx.o(RESET) refers to stm32f4xx_it.o(i.CAN1_RX0_IRQHandler) for CAN1_RX0_IRQHandler
    startup_stm32f407xx.o(RESET) refers to stm32f4xx_it.o(i.USART1_IRQHandler) for USART1_IRQHandler
    startup_stm32f407xx.o(.text) refers to system_stm32f4xx.o(i.SystemInit) for SystemInit
    startup_stm32f407xx.o(.text) refers to entry.o(.ARM.Collect$$$$00000000) for __main
    main.o(i.SystemClock_Config) refers to memseta.o(.text) for __aeabi_memclr4
    main.o(i.SystemClock_Config) refers to stm32f4xx_hal_rcc.o(i.HAL_RCC_OscConfig) for HAL_RCC_OscConfig
    main.o(i.SystemClock_Config) refers to main.o(i.Error_Handler) for Error_Handler
    main.o(i.SystemClock_Config) refers to stm32f4xx_hal_rcc.o(i.HAL_RCC_ClockConfig) for HAL_RCC_ClockConfig
    main.o(i.main) refers to stm32f4xx_hal.o(i.HAL_Init) for HAL_Init
    main.o(i.main) refers to main.o(i.SystemClock_Config) for SystemClock_Config
    main.o(i.main) refers to gpio.o(i.MX_GPIO_Init) for MX_GPIO_Init
    main.o(i.main) refers to dma.o(i.MX_DMA_Init) for MX_DMA_Init
    main.o(i.main) refers to can.o(i.MX_CAN1_Init) for MX_CAN1_Init
    main.o(i.main) refers to usart.o(i.MX_USART1_UART_Init) for MX_USART1_UART_Init
    main.o(i.main) refers to can.o(i.USER_CAN1_Filter_Init) for USER_CAN1_Filter_Init
    main.o(i.main) refers to stm32f4xx_hal_can.o(i.HAL_CAN_Start) for HAL_CAN_Start
    main.o(i.main) refers to main.o(i.Error_Handler) for Error_Handler
    main.o(i.main) refers to stm32f4xx_hal_can.o(i.HAL_CAN_ActivateNotification) for HAL_CAN_ActivateNotification
    main.o(i.main) refers to stm32f4xx_hal.o(i.HAL_Delay) for HAL_Delay
    main.o(i.main) refers to robot_control.o(i.RobotCtrl_Init) for RobotCtrl_Init
    main.o(i.main) refers to touch.o(i.Touch_Init) for Touch_Init
    main.o(i.main) refers to touch_ui.o(i.TouchUI_Init) for TouchUI_Init
    main.o(i.main) refers to robot_cmd.o(i.RobotCmd_Init) for RobotCmd_Init
    main.o(i.main) refers to usart.o(i.USART1_StartReceive) for USART1_StartReceive
    main.o(i.main) refers to stm32f4xx_hal.o(i.HAL_GetTick) for HAL_GetTick
    main.o(i.main) refers to touch.o(i.Touch_Read) for Touch_Read
    main.o(i.main) refers to touch_calib.o(i.TouchCalib_GetState) for TouchCalib_GetState
    main.o(i.main) refers to touch_calib.o(i.TouchCalib_ProcessTouch) for TouchCalib_ProcessTouch
    main.o(i.main) refers to touch_calib.o(i.TouchCalib_Cancel) for TouchCalib_Cancel
    main.o(i.main) refers to lcd.o(i.LCD_Clear) for LCD_Clear
    main.o(i.main) refers to touch_ui.o(i.TouchUI_HandleTouch) for TouchUI_HandleTouch
    main.o(i.main) refers to touch_ui.o(i.TouchUI_GetStepSize) for TouchUI_GetStepSize
    main.o(i.main) refers to robot_control.o(i.RobotCtrl_MoveJointRelative) for RobotCtrl_MoveJointRelative
    main.o(i.main) refers to robot_control.o(i.RobotCtrl_SetCurrentAsZero) for RobotCtrl_SetCurrentAsZero
    main.o(i.main) refers to touch_ui.o(i.TouchUI_UpdateStatus) for TouchUI_UpdateStatus
    main.o(i.main) refers to robot_control.o(i.RobotCtrl_StopAll) for RobotCtrl_StopAll
    main.o(i.main) refers to robot_control.o(i.RobotCtrl_SyncAnglesFromMotors) for RobotCtrl_SyncAnglesFromMotors
    main.o(i.main) refers to robot_control.o(i.RobotCtrl_GetJointAngle) for RobotCtrl_GetJointAngle
    main.o(i.main) refers to touch_ui.o(i.TouchUI_UpdateJoints) for TouchUI_UpdateJoints
    main.o(i.main) refers to can.o(.bss) for hcan1
    main.o(i.main) refers to main.o(.data) for s_last_touch_ms
    main.o(i.main) refers to main.o(.bss) for touch_prev
    can.o(i.HAL_CAN_MspDeInit) refers to stm32f4xx_hal_gpio.o(i.HAL_GPIO_DeInit) for HAL_GPIO_DeInit
    can.o(i.HAL_CAN_MspDeInit) refers to stm32f4xx_hal_cortex.o(i.HAL_NVIC_DisableIRQ) for HAL_NVIC_DisableIRQ
[...]
    .data                                    0x20000008   Section        4  can.o(.data)
    TxMailbox                                0x20000008   Data           4  can.o(.data)
    .data                                    0x2000000c   Section        2  robot_cmd.o(.data)
    g_cmd_index                              0x2000000c   Data           2  robot_cmd.o(.data)
    .data                                    0x2000000e   Section        1  usart.o(.data)
    uart_rx_byte                             0x2000000e   Data           1  usart.o(.data)
    .data                                    0x20000010   Section        9  stm32f4xx_hal.o(.data)
    .data                                    0x2000001c   Section        4  system_stm32f4xx.o(.data)
    .data                                    0x20000020   Section        8  touch_calib.o(.data)
    s_state                                  0x20000020   Data           1  touch_calib.o(.data)
    s_last_touch_time                        0x20000024   Data           4  touch_calib.o(.data)
    .data                                    0x20000028   Section       30  touch_ui.o(.data)
    s_step_size                              0x20000028   Data           4  touch_ui.o(.data)
    s_mode                                   0x2000002c   Data           1  touch_ui.o(.data)
    s_status_text                            0x2000002d   Data          24  touch_ui.o(.data)
    s_status_err                             0x20000045   Data           1  touch_ui.o(.data)
    .data                                    0x20000048   Section        4  strtok.o(.data)
    state                                    0x20000048   Data           4  strtok.o(.data)
    .data                                    0x2000004c   Section        4  errno.o(.data)
    _errno                                   0x2000004c   Data           4  errno.o(.data)
    .bss                                     0x20000050   Section       10  main.o(.bss)
    touch_prev                               0x20000050   Data          10  main.o(.bss)
    .bss                                     0x2000005c   Section      160  can.o(.bss)
    .bss                                     0x200000fc   Section       96  dma.o(.bss)
    .bss                                     0x2000015c   Section     2260  emm_v5.o(.bss)
    cmd                                      0x2000055c   Data          16  emm_v5.o(.bss)
    cmd                                      0x2000056c   Data          16  emm_v5.o(.bss)
    cmd                                      0x2000057c   Data          16  emm_v5.o(.bss)
    cmd                                      0x2000058c   Data          16  emm_v5.o(.bss)
    cmd                                      0x2000059c   Data          16  emm_v5.o(.bss)
    cmd                                      0x200005ac   Data         512  emm_v5.o(.bss)
    cmd                                      0x200007ac   Data          16  emm_v5.o(.bss)
    cmd                                      0x200007bc   Data          16  emm_v5.o(.bss)
    cmd                                      0x200007cc   Data          16  emm_v5.o(.bss)
    cmd                                      0x200007dc   Data          16  emm_v5.o(.bss)
    cmd                                      0x200007ec   Data          16  emm_v5.o(.bss)
    cmd                                      0x200007fc   Data          16  emm_v5.o(.bss)
    cmd                                      0x2000080c   Data          16  emm_v5.o(.bss)
    cmd                                      0x2000081c   Data          16  emm_v5.o(.bss)
    cmd                                      0x2000082c   Data          16  emm_v5.o(.bss)
    cmd                                      0x2000083c   Data          32  emm_v5.o(.bss)
    cmd                                      0x2000085c   Data          16  emm_v5.o(.bss)
    cmd                                      0x2000086c   Data          16  emm_v5.o(.bss)
    cmd                                      0x2000087c   Data          16  emm_v5.o(.bss)
    cmd                                      0x2000088c   Data          16  emm_v5.o(.bss)
    cmd                                      0x2000089c   Data          16  emm_v5.o(.bss)
    cmd                                      0x200008ac   Data          16  emm_v5.o(.bss)
    cmd                                      0x200008bc   Data          16  emm_v5.o(.bss)
    cmd                                      0x200008cc   Data          16  emm_v5.o(.bss)
    cmd                                      0x200008dc   Data          16  emm_v5.o(.bss)
    cmd                                      0x200008ec   Data          16  emm_v5.o(.bss)
    cmd                                      0x200008fc   Data          16  emm_v5.o(.bss)
    cmd                                      0x2000090c   Data          16  emm_v5.o(.bss)
    cmd                                      0x2000091c   Data          16  emm_v5.o(.bss)
    cmd                                      0x2000092c   Data          16  emm_v5.o(.bss)
    cmd                                      0x2000093c   Data          16  emm_v5.o(.bss)
    cmd                                      0x2000094c   Data          20  emm_v5.o(.bss)
    cmd                                      0x20000960   Data          16  emm_v5.o(.bss)
    cmd                                      0x20000970   Data          32  emm_v5.o(.bss)
    cmd                                      0x20000990   Data          16  emm_v5.o(.bss)
    cmd                                      0x200009a0   Data          16  emm_v5.o(.bss)
    cmd                                      0x200009b0   Data          16  emm_v5.o(.bss)
    cmd                                      0x200009c0   Data          16  emm_v5.o(.bss)
    cmd                                      0x200009d0   Data          16  emm_v5.o(.bss)
    cmd                                      0x200009e0   Data          16  emm_v5.o(.bss)
    cmd                                      0x200009f0   Data          16  emm_v5.o(.bss)
    cmd                                      0x20000a00   Data          16  emm_v5.o(.bss)
    cmd                                      0x20000a10   Data          16  emm_v5.o(.bss)
    cmd                                      0x20000a20   Data          16  emm_v5.o(.bss)
    .bss                                     0x20000a30   Section      236  robot_control.o(.bss)
    .bss                                     0x20000b1c   Section      188  robot_kinematics.o(.bss)
    g_robot_kinematics                       0x20000b1c   Data         164  robot_kinematics.o(.bss)
    g_current_joint_angle                    0x20000bc0   Data          24  robot_kinematics.o(.bss)
    .bss                                     0x20000bd8   Section      256  robot_cmd.o(.bss)
    g_cmd_buffer                             0x20000bd8   Data         256  robot_cmd.o(.bss)
    .bss                                     0x20000cd8   Section       64  usart.o(.bss)
    .bss                                     0x20000d18   Section       32  stm32f4xx_hal_flash.o(.bss)
    .bss                                     0x20000d38   Section       28  touch.o(.bss)
    g_touch_cal                              0x20000d38   Data          28  touch.o(.bss)
    .bss                                     0x20000d54   Section       16  touch_calib.o(.bss)
    s_raw_points                             0x20000d54   Data          16  touch_calib.o(.bss)
    STACK                                    0x20000d68   Section     2048  startup_stm32f407xx.o(STACK)

    Global Symbols

    Symbol Name                              Value     Ov Type        Size  Object(Section)

    BuildAttributes$$THM_ISAv4$E$P$D$K$B$S$7EM$VFPi3$EXTD16$VFPS$VFMA$PE$A:L22UL41UL21$X:L11$S22US41US21$IEEE1$IW$USESV6$~STKCKD$USESV7$~SHL$OTIME$ROPI$IEEEX$EBA8$MICROLIB$REQ8$PRES8$EABIv2 0x00000000   Number         0  anon$$obj.o ABSOLUTE
    __ARM_use_no_argv                        0x00000000   Number         0  main.o ABSOLUTE
    _printf_a                                0x00000000   Number         0  stubs.o ABSOLUTE
    _printf_c                                0x00000000   Number         0  stubs.o ABSOLUTE
    _printf_charcount                        0x00000000   Number         0  stubs.o ABSOLUTE
    _printf_d                                0x00000000   Number         0  stubs.o ABSOLUTE
    _printf_e                                0x00000000   Number         0  stubs.o ABSOLUTE
    _printf_f                                0x00000000   Number         0  stubs.o ABSOLUTE
    _printf_flags                            0x00000000   Number         0  stubs.o ABSOLUTE
    _printf_fp_dec                           0x00000000   Number         0  stubs.o ABSOLUTE
    _printf_fp_hex                           0x00000000   Number         0  stubs.o ABSOLUTE
    _printf_g                                0x00000000   Number         0  stubs.o ABSOLUTE
    _printf_i                                0x00000000   Number         0  stubs.o ABSOLUTE
    _printf_int_dec                          0x00000000   Number         0  stubs.o ABSOLUTE
    _printf_l                                0x00000000   Number         0  stubs.o ABSOLUTE
    _printf_lc                               0x00000000   Number         0  stubs.o ABSOLUTE
    _printf_ll                               0x00000000   Number         0  stubs.o ABSOLUTE
    _printf_lld                              0x00000000   Number         0  stubs.o ABSOLUTE
    _printf_lli                              0x00000000   Number         0  stubs.o ABSOLUTE
    _printf_llo                              0x00000000   Number         0  stubs.o ABSOLUTE
    _printf_llu                              0x00000000   Number         0  stubs.o ABSOLUTE
    _printf_llx                              0x00000000   Number         0  stubs.o ABSOLUTE
    _printf_longlong_dec                     0x00000000   Number         0  stubs.o ABSOLUTE
    _printf_longlong_hex                     0x00000000   Number         0  stubs.o ABSOLUTE
    _printf_longlong_oct                     0x00000000   Number         0  stubs.o ABSOLUTE
    _printf_ls                               0x00000000   Number         0  stubs.o ABSOLUTE
    _printf_mbtowc                           0x00000000   Number         0  stubs.o ABSOLUTE
    _printf_n                                0x00000000   Number         0  stubs.o ABSOLUTE
    _printf_o                                0x00000000   Number         0  stubs.o ABSOLUTE
    _printf_p                                0x00000000   Number         0  stubs.o ABSOLUTE
    _printf_percent                          0x00000000   Number         0  stubs.o ABSOLUTE
    _printf_pre_padding                      0x00000000   Number         0  stubs.o ABSOLUTE
    _printf_return_value                     0x00000000   Number         0  stubs.o ABSOLUTE
    _printf_s                                0x00000000   Number         0  stubs.o ABSOLUTE
    _printf_sizespec                         0x00000000   Number         0  stubs.o ABSOLUTE
    _printf_str                              0x00000000   Number         0  stubs.o ABSOLUTE
    _printf_truncate_signed                  0x00000000   Number         0  stubs.o ABSOLUTE
    _printf_truncate_unsigned                0x00000000   Number         0  stubs.o ABSOLUTE
    _printf_u                                0x00000000   Number         0  stubs.o ABSOLUTE
    _printf_wc                               0x00000000   Number         0  stubs.o ABSOLUTE
    _printf_wctomb                           0x00000000   Number         0  stubs.o ABSOLUTE
    _printf_widthprec                        0x00000000   Number         0  stubs.o ABSOLUTE
    _printf_x                                0x00000000   Number         0  stubs.o ABSOLUTE
    __cpp_initialize__aeabi_                  - Undefined Weak Reference
    __cxa_finalize                            - Undefined Weak Reference
    __decompress                              - Undefined Weak Reference
    _clock_init                               - Undefined Weak Reference
    _microlib_exit                            - Undefined Weak Reference
    _scanf_longlong                           - Undefined Weak Reference
    _scanf_string                             - Undefined Weak Reference
    __Vectors_Size                           0x00000188   Number         0  startup_stm32f407xx.o ABSOLUTE
    __Vectors                                0x08000000   Data           4  startup_stm32f407xx.o(RESET)
    __Vectors_End                            0x08000188   Data           0  startup_stm32f407xx.o(RESET)
    __main                                   0x08000189   Thumb Code     0  entry.o(.ARM.Collect$$$$00000000)
    _main_stk                                0x08000189   Thumb Code     0  entry2.o(.ARM.Collect$$$$00000001)
    _main_scatterload                        0x0800018d   Thumb Code     0  entry5.o(.ARM.Collect$$$$00000004)
    __main_after_scatterload                 0x08000191   Thumb Code     0  entry5.o(.ARM.Collect$$$$00000004)
    _main_clock                              0x08000191   Thumb Code     0  entry7b.o(.ARM.Collect$$$$00000008)
    _main_cpp_init                           0x08000191   Thumb Code     0  entry8b.o(.ARM.Collect$$$$0000000A)
    _main_init                               0x08000191   Thumb Code     0  entry9a.o(.ARM.Collect$$$$0000000B)
    __rt_final_cpp                           0x08000199   Thumb Code     0  entry10a.o(.ARM.Collect$$$$0000000D)
    __rt_final_exit                          0x08000199   Thumb Code     0  entry11a.o(.ARM.Collect$$$$0000000F)
    Reset_Handler                            0x0800019d   Thumb Code     8  startup_stm32f407xx.o(.text)
    ADC_IRQHandler                           0x080001b7   Thumb Code     0  startup_stm32f407xx.o(.text)
    CAN1_RX1_IRQHandler                      0x080001b7   Thumb Code     0  startup_stm32f407xx.o(.text)
    CAN1_SCE_IRQHandler                      0x080001b7   Thumb Code     0  startup_stm32f407xx.o(.text)
    CAN1_TX_IRQHandler                       0x080001b7   Thumb Code     0  startup_stm32f407xx.o(.text)
    CAN2_RX0_IRQHandler                      0x080001b7   Thumb Code     0  startup_stm32f407xx.o(.text)
    CAN2_RX1_IRQHandler                      0x080001b7   Thumb Code     0  startup_stm32f407xx.o(.text)
    CAN2_SCE_IRQHandler                      0x080001b7   Thumb Code     0  startup_stm32f407xx.o(.text)
    CAN2_TX_IRQHandler                       0x080001b7   Thumb Code     0  startup_stm32f407xx.o(.text)
    DCMI_IRQHandler                          0x080001b7   Thumb Code     0  startup_stm32f407xx.o(.text)
    DMA1_Stream0_IRQHandler                  0x080001b7   Thumb Code     0  startup_stm32f407xx.o(.text)
    DMA1_Stream1_IRQHandler                  0x080001b7   Thumb Code     0  startup_stm32f407xx.o(.text)
    DMA1_Stream2_IRQHandler                  0x080001b7   Thumb Code     0  startup_stm32f407xx.o(.text)
    DMA1_Stream3_IRQHandler                  0x080001b7   Thumb Code     0  startup_stm32f407xx.o(.text)
    DMA1_Stream4_IRQHandler                  0x080001b7   Thumb Code     0  startup_stm32f407xx.o(.text)
    DMA1_Stream5_IRQHandler                  0x080001b7   Thumb Code     0  startup_stm32f407xx.o(.text)
    DMA1_Stream6_IRQHandler                  0x080001b7   Thumb Code     0  startup_stm32f407xx.o(.text)
    DMA1_Stream7_IRQHandler                  0x080001b7   Thumb Code     0  startup_stm32f407xx.o(.text)
    DMA2_Stream0_IRQHandler                  0x080001b7   Thumb Code     0  startup_stm32f407xx.o(.text)
    DMA2_Stream1_IRQHandler                  0x080001b7   Thumb Code     0  startup_stm32f407xx.o(.text)
    DMA2_Stream2_IRQHandler                  0x080001b7   Thumb Code     0  startup_stm32f407xx.o(.text)
    DMA2_Stream3_IRQHandler                  0x080001b7   Thumb Code     0  startup_stm32f407xx.o(.text)
    DMA2_Stream4_IRQHandler                  0x080001b7   Thumb Code     0  startup_stm32f407xx.o(.text)
    DMA2_Stream5_IRQHandler                  0x080001b7   Thumb Code     0  startup_stm32f407xx.o(.text)
    DMA2_Stream6_IRQHandler                  0x080001b7   Thumb Code     0  startup_stm32f407xx.o(.text)
    DMA2_Stream7_IRQHandler                  0x080001b7   Thumb Code     0  startup_stm32f407xx.o(.text)
    ETH_IRQHandler                           0x080001b7   Thumb Code     0  startup_stm32f407xx.o(.text)
    ETH_WKUP_IRQHandler                      0x080001b7   Thumb Code     0  startup_stm32f407xx.o(.text)
    EXTI0_IRQHandler                         0x080001b7   Thumb Code     0  startup_stm32f407xx.o(.text)
    EXTI15_10_IRQHandler                     0x080001b7   Thumb Code     0  startup_stm32f407xx.o(.text)
    EXTI1_IRQHandler                         0x080001b7   Thumb Code     0  startup_stm32f407xx.o(.text)
    EXTI2_IRQHandler                         0x080001b7   Thumb Code     0  startup_stm32f407xx.o(.text)
    EXTI3_IRQHandler                         0x080001b7   Thumb Code     0  startup_stm32f407xx.o(.text)
    EXTI4_IRQHandler                         0x080001b7   Thumb Code     0  startup_stm32f407xx.o(.text)
    EXTI9_5_IRQHandler                       0x080001b7   Thumb Code     0  startup_stm32f407xx.o(.text)
    FLASH_IRQHandler                         0x080001b7   Thumb Code     0  startup_stm32f407xx.o(.text)
    FMC_IRQHandler                           0x080001b7   Thumb Code     0  startup_stm32f407xx.o(.text)
    FPU_IRQHandler                           0x080001b7   Thumb Code     0  startup_stm32f407xx.o(.text)
    HASH_RNG_IRQHandler                      0x080001b7   Thumb Code     0  startup_stm32f407xx.o(.text)
    I2C1_ER_IRQHandler                       0x080001b7   Thumb Code     0  startup_stm32f407xx.o(.text)
    I2C1_EV_IRQHandler                       0x080001b7   Thumb Code     0  startup_stm32f407xx.o(.text)
    I2C2_ER_IRQHandler                       0x080001b7   Thumb Code     0  startup_stm32f407xx.o(.text)
    I2C2_EV_IRQHandler                       0x080001b7   Thumb Code     0  startup_stm32f407xx.o(.text)
    I2C3_ER_IRQHandler                       0x080001b7   Thumb Code     0  startup_stm32f407xx.o(.text)
    I2C3_EV_IRQHandler                       0x080001b7   Thumb Code     0  startup_stm32f407xx.o(.text)
    OTG_FS_IRQHandler                        0x080001b7   Thumb Code     0  startup_stm32f407xx.o(.text)
    OTG_FS_WKUP_IRQHandler                   0x080001b7   Thumb Code     0  startup_stm32f407xx.o(.text)
    OTG_HS_EP1_IN_IRQHandler                 0x080001b7   Thumb Code     0  startup_stm32f407xx.o(.text)
    OTG_HS_EP1_OUT_IRQHandler                0x080001b7   Thumb Code     0  startup_stm32f407xx.o(.text)
    OTG_HS_IRQHandler                        0x080001b7   Thumb Code     0  startup_stm32f407xx.o(.text)
    OTG_HS_WKUP_IRQHandler                   0x080001b7   Thumb Code     0  startup_stm32f407xx.o(.text)
    PVD_IRQHandler                           0x080001b7   Thumb Code     0  startup_stm32f407xx.o(.text)
    RCC_IRQHandler                           0x080001b7   Thumb Code     0  startup_stm32f407xx.o(.text)
    RTC_Alarm_IRQHandler                     0x080001b7   Thumb Code     0  startup_stm32f407xx.o(.text)
    RTC_WKUP_IRQHandler                      0x080001b7   Thumb Code     0  startup_stm32f407xx.o(.text)
    SDIO_IRQHandler                          0x080001b7   Thumb Code     0  startup_stm32f407xx.o(.text)
    SPI1_IRQHandler                          0x080001b7   Thumb Code     0  startup_stm32f407xx.o(.text)
    SPI2_IRQHandler                          0x080001b7   Thumb Code     0  startup_stm32f407xx.o(.text)
    SPI3_IRQHandler                          0x080001b7   Thumb Code     0  startup_stm32f407xx.o(.text)
    TAMP_STAMP_IRQHandler                    0x080001b7   Thumb Code     0  startup_stm32f407xx.o(.text)
    TIM1_BRK_TIM9_IRQHandler                 0x080001b7   Thumb Code     0  startup_stm32f407xx.o(.text)
    TIM1_CC_IRQHandler                       0x080001b7   Thumb Code     0  startup_stm32f407xx.o(.text)
    TIM1_TRG_COM_TIM11_IRQHandler            0x080001b7   Thumb Code     0  startup_stm32f407xx.o(.text)
    TIM1_UP_TIM10_IRQHandler                 0x080001b7   Thumb Code     0  startup_stm32f407xx.o(.text)
    TIM2_IRQHandler                          0x080001b7   Thumb Code     0  startup_stm32f407xx.o(.text)
    TIM3_IRQHandler                          0x080001b7   Thumb Code     0  startup_stm32f407xx.o(.text)
    TIM4_IRQHandler                          0x080001b7   Thumb Code     0  startup_stm32f407xx.o(.text)
    TIM5_IRQHandler                          0x080001b7   Thumb Code     0  startup_stm32f407xx.o(.text)
    TIM6_DAC_IRQHandler                      0x080001b7   Thumb Code     0  startup_stm32f407xx.o(.text)
    TIM7_IRQHandler                          0x080001b7   Thumb Code     0  startup_stm32f407xx.o(.text)
    TIM8_BRK_TIM12_IRQHandler                0x080001b7   Thumb Code     0  startup_stm32f407xx.o(.text)
    TIM8_CC_IRQHandler                       0x080001b7   Thumb Code     0  startup_stm32f407xx.o(.text)
    TIM8_TRG_COM_TIM14_IRQHandler            0x080001b7   Thumb Code     0  startup_stm32f407xx.o(.text)
    TIM8_UP_TIM13_IRQHandler                 0x080001b7   Thumb Code     0  startup_stm32f407xx.o(.text)
    UART4_IRQHandler                         0x080001b7   Thumb Code     0  startup_stm32f407xx.o(.text)
    UART5_IRQHandler                         0x080001b7   Thumb Code     0  startup_stm32f407xx.o(.text)
    USART2_IRQHandler                        0x080001b7   Thumb Code     0  startup_stm32f407xx.o(.text)
    USART3_IRQHandler                        0x080001b7   Thumb Code     0  startup_stm32f407xx.o(.text)
    USART6_IRQHandler                        0x080001b7   Thumb Code     0  startup_stm32f407xx.o(.text)
    WWDG_IRQHandler                          0x080001b7   Thumb Code     0  startup_stm32f407xx.o(.text)
    __aeabi_uldivmod                         0x080001c1   Thumb Code    98  uldiv.o(.text)
    __aeabi_memcpy                           0x08000223   Thumb Code    36  memcpya.o(.text)
    __aeabi_memcpy4                          0x08000223   Thumb Code     0  memcpya.o(.text)
    __aeabi_memcpy8                          0x08000223   Thumb Code     0  memcpya.o(.text)
    __aeabi_memset                           0x08000247   Thumb Code    14  memseta.o(.text)
    __aeabi_memset4                          0x08000247   Thumb Code     0  memseta.o(.text)
    __aeabi_memset8                          0x08000247   Thumb Code     0  memseta.o(.text)
    __aeabi_memclr                           0x08000255   Thumb Code     4  memseta.o(.text)
    __aeabi_memclr4                          0x08000255   Thumb Code     0  memseta.o(.text)
    __aeabi_memclr8                          0x08000255   Thumb Code     0  memseta.o(.text)
    _memset$wrapper                          0x08000259   Thumb Code    18  memseta.o(.text)
    strlen                                   0x0800026b   Thumb Code    14  strlen.o(.text)
    strcmp                                   0x08000279   Thumb Code    28  strcmp.o(.text)
    strncmp                                  0x08000295   Thumb Code    30  strncmp.o(.text)
    strtok                                   0x080002b5   Thumb Code    62  strtok.o(.text)
    __0sscanf                                0x080002f9   Thumb Code    48  __0sscanf.o(.text)
    _scanf_int                               0x08000331   Thumb Code   332  _scanf_int.o(.text)
    _scanf_real                              0x080005a5   Thumb Code     0  scanf_fp.o(.text)
    _scanf_really_real                       0x080005a5   Thumb Code   556  scanf_fp.o(.text)
    atoi                                     0x080007dd   Thumb Code    26  atoi.o(.text)
    __aeabi_dadd                             0x080007f7   Thumb Code   322  dadd.o(.text)
    __aeabi_dsub                             0x08000939   Thumb Code     6  dadd.o(.text)
    __aeabi_drsub                            0x0800093f   Thumb Code     6  dadd.o(.text)
    __aeabi_dmul                             0x08000945   Thumb Code   228  dmul.o(.text)
    __aeabi_ddiv                             0x08000a29   Thumb Code   222  ddiv.o(.text)
    __aeabi_d2uiz                            0x08000b07   Thumb Code    50  dfixui.o(.text)
    __aeabi_f2d                              0x08000b39   Thumb Code    38  f2d.o(.text)
    __aeabi_cdcmpeq                          0x08000b61   Thumb Code     0  cdcmple.o(.text)
    __aeabi_cdcmple                          0x08000b61   Thumb Code    48  cdcmple.o(.text)
    __aeabi_cdrcmple                         0x08000b91   Thumb Code    48  cdrcmple.o(.text)
    __aeabi_d2f                              0x08000bc1   Thumb Code    56  d2f.o(.text)
    __aeabi_uidiv                            0x08000bf9   Thumb Code     0  uidiv.o(.text)
    __aeabi_uidivmod                         0x08000bf9   Thumb Code    44  uidiv.o(.text)
    __aeabi_llsl                             0x08000c25   Thumb Code    30  llshl.o(.text)
    _ll_shift_l                              0x08000c25   Thumb Code     0  llshl.o(.text)
    __aeabi_llsr                             0x08000c43   Thumb Code    32  llushr.o(.text)
    _ll_ushift_r                             0x08000c43   Thumb Code     0  llushr.o(.text)
    __aeabi_lasr                             0x08000c63   Thumb Code    36  llsshr.o(.text)
    _ll_sshift_r                             0x08000c63   Thumb Code     0  llsshr.o(.text)
    _chval                                   0x08000c87   Thumb Code    28  _chval.o(.text)
    __vfscanf_char                           0x08000cb1   Thumb Code    20  scanf_char.o(.text)
    _sgetc                                   0x08000ccd   Thumb Code    30  _sgetc.o(.text)
    _sbackspace                              0x08000ceb   Thumb Code    34  _sgetc.o(.text)
    strtol                                   0x08000d0d   Thumb Code   112  strtol.o(.text)
    __I$use$fp                               0x08000d7d   Thumb Code     0  iusefp.o(.text)
    _float_round                             0x08000d7d   Thumb Code    18  fepilogue.o(.text)
    _float_epilogue                          0x08000d8f   Thumb Code    92  fepilogue.o(.text)
    _double_round                            0x08000deb   Thumb Code    30  depilogue.o(.text)
    _double_epilogue                         0x08000e09   Thumb Code   156  depilogue.o(.text)
    __ARM_scalbn                             0x08000ea5   Thumb Code    46  dscalb.o(.text)
    scalbn                                   0x08000ea5   Thumb Code     0  dscalb.o(.text)
    _dsqrt                                   0x08000ed3   Thumb Code   162  dsqrt.o(.text)
    _drem                                    0x08000f75   Thumb Code   134  drem.o(.text)
    __aeabi_i2d                              0x08000ffb   Thumb Code    34  dflti.o(.text)
    __aeabi_ul2d                             0x0800101d   Thumb Code    24  dfltul.o(.text)
    __aeabi_d2ulz                            0x08001035   Thumb Code    48  dfixul.o(.text)
    __scatterload                            0x08001065   Thumb Code    28  init.o(.text)
    __scatterload_rt2                        0x08001065   Thumb Code     0  init.o(.text)
    __rt_ctype_table                         0x08001089   Thumb Code     4  ctype_o.o(.text)
    isspace                                  0x08001091   Thumb Code    18  isspace_o.o(.text)
    __vfscanf                                0x080010a5   Thumb Code   808  _scanf.o(.text)
    _strtoul                                 0x080013d1   Thumb Code   158  _strtoul.o(.text)
    __aeabi_ui2d                             0x0800146f   Thumb Code    26  dfltui.o(.text)
    __aeabi_d2iz                             0x08001489   Thumb Code    62  dfixi.o(.text)
    BusFault_Handler                         0x080014c7   Thumb Code     4  stm32f4xx_it.o(i.BusFault_Handler)
    CAN1_RX0_IRQHandler                      0x080014cd   Thumb Code    62  stm32f4xx_it.o(i.CAN1_RX0_IRQHandler)
    DebugMon_Handler                         0x080015f3   Thumb Code     2  stm32f4xx_it.o(i.DebugMon_Handler)
    Emm_V5_Pos_Control                       0x080015f5   Thumb Code    84  emm_v5.o(i.Emm_V5_Pos_Control)
    Emm_V5_Read_Sys_Params                   0x0800164d   Thumb Code   284  emm_v5.o(i.Emm_V5_Read_Sys_Params)
    Emm_V5_Reset_CurPos_To_Zero              0x0800176d   Thumb Code    32  emm_v5.o(i.Emm_V5_Reset_CurPos_To_Zero)
    Emm_V5_Stop_Now                          0x08001791   Thumb Code    38  emm_v5.o(i.Emm_V5_Stop_Now)
    Emm_V5_Synchronous_motion                0x080017bd   Thumb Code    32  emm_v5.o(i.Emm_V5_Synchronous_motion)
    Error_Handler                            0x080017e1   Thumb Code     4  main.o(i.Error_Handler)
    FLASH_Erase_Sector                       0x080017e5   Thumb Code    86  stm32f4xx_hal_flash_ex.o(i.FLASH_Erase_Sector)
    FLASH_FlushCaches                        0x08001841   Thumb Code   114  stm32f4xx_hal_flash_ex.o(i.FLASH_FlushCaches)
    FLASH_WaitForLastOperation               0x08001a31   Thumb Code    90  stm32f4xx_hal_flash.o(i.FLASH_WaitForLastOperation)
    HAL_CAN_ActivateNotification             0x08001a95   Thumb Code    42  stm32f4xx_hal_can.o(i.HAL_CAN_ActivateNotification)
    HAL_CAN_AddTxMessage                     0x08001abf   Thumb Code   342  stm32f4xx_hal_can.o(i.HAL_CAN_AddTxMessage)
    HAL_CAN_ConfigFilter                     0x08001c15   Thumb Code   286  stm32f4xx_hal_can.o(i.HAL_CAN_ConfigFilter)
    HAL_CAN_ErrorCallback                    0x08001d39   Thumb Code     2  stm32f4xx_hal_can.o(i.HAL_CAN_ErrorCallback)
    HAL_CAN_GetRxMessage                     0x08001d3b   Thumb Code   378  stm32f4xx_hal_can.o(i.HAL_CAN_GetRxMessage)
    HAL_CAN_IRQHandler                       0x08001eb5   Thumb Code   590  stm32f4xx_hal_can.o(i.HAL_CAN_IRQHandler)
    HAL_CAN_Init                             0x08002103   Thumb Code   372  stm32f4xx_hal_can.o(i.HAL_CAN_Init)
    HAL_CAN_MspInit                          0x08002279   Thumb Code   140  can.o(i.HAL_CAN_MspInit)
    HAL_CAN_RxFifo0FullCallback              0x08002311   Thumb Code     2  stm32f4xx_hal_can.o(i.HAL_CAN_RxFifo0FullCallback)
    HAL_CAN_RxFifo0MsgPendingCallback        0x08002313   Thumb Code     2  stm32f4xx_hal_can.o(i.HAL_CAN_RxFifo0MsgPendingCallback)
    HAL_CAN_RxFifo1FullCallback              0x08002315   Thumb Code     2  stm32f4xx_hal_can.o(i.HAL_CAN_RxFifo1FullCallback)
    HAL_CAN_RxFifo1MsgPendingCallback        0x08002317   Thumb Code     2  stm32f4xx_hal_can.o(i.HAL_CAN_RxFifo1MsgPendingCallback)
    HAL_CAN_SleepCallback                    0x08002319   Thumb Code     2  stm32f4xx_hal_can.o(i.HAL_CAN_SleepCallback)
    HAL_CAN_Start                            0x0800231b   Thumb Code    94  stm32f4xx_hal_can.o(i.HAL_CAN_Start)
    HAL_CAN_TxMailbox0AbortCallback          0x08002379   Thumb Code     2  stm32f4xx_hal_can.o(i.HAL_CAN_TxMailbox0AbortCallback)
    HAL_CAN_TxMailbox0CompleteCallback       0x0800237b   Thumb Code     2  stm32f4xx_hal_can.o(i.HAL_CAN_TxMailbox0CompleteCallback)
    HAL_CAN_TxMailbox1AbortCallback          0x0800237d   Thumb Code     2  stm32f4xx_hal_can.o(i.HAL_CAN_TxMailbox1AbortCallback)
    HAL_CAN_TxMailbox1CompleteCallback       0x0800237f   Thumb Code     2  stm32f4xx_hal_can.o(i.HAL_CAN_TxMailbox1CompleteCallback)
    HAL_CAN_TxMailbox2AbortCallback          0x08002381   Thumb Code     2  stm32f4xx_hal_can.o(i.HAL_CAN_TxMailbox2AbortCallback)
    HAL_CAN_TxMailbox2CompleteCallback       0x08002383   Thumb Code     2  stm32f4xx_hal_can.o(i.HAL_CAN_TxMailbox2CompleteCallback)
    HAL_CAN_WakeUpFromRxMsgCallback          0x08002385   Thumb Code     2  stm32f4xx_hal_can.o(i.HAL_CAN_WakeUpFromRxMsgCallback)
    HAL_DMA_Abort_IT                         0x08002387   Thumb Code    40  stm32f4xx_hal_dma.o(i.HAL_DMA_Abort_IT)
    HAL_DMA_Init                             0x080023b1   Thumb Code   232  stm32f4xx_hal_dma.o(i.HAL_DMA_Init)
    HAL_Delay                                0x0800249d   Thumb Code    36  stm32f4xx_hal.o(i.HAL_Delay)
    HAL_FLASHEx_Erase                        0x080024c5   Thumb Code   164  stm32f4xx_hal_flash_ex.o(i.HAL_FLASHEx_Erase)
    HAL_FLASH_Lock                           0x08002571   Thumb Code    16  stm32f4xx_hal_flash.o(i.HAL_FLASH_Lock)
    HAL_FLASH_Program                        0x08002585   Thumb Code   142  stm32f4xx_hal_flash.o(i.HAL_FLASH_Program)
    HAL_FLASH_Unlock                         0x0800261d   Thumb Code    38  stm32f4xx_hal_flash.o(i.HAL_FLASH_Unlock)
    HAL_GPIO_Init                            0x08002651   Thumb Code   466  stm32f4xx_hal_gpio.o(i.HAL_GPIO_Init)
    HAL_GPIO_ReadPin                         0x08002851   Thumb Code    16  stm32f4xx_hal_gpio.o(i.HAL_GPIO_ReadPin)
    HAL_GPIO_WritePin                        0x08002861   Thumb Code    12  stm32f4xx_hal_gpio.o(i.HAL_GPIO_WritePin)
    HAL_GetTick                              0x0800286d   Thumb Code     6  stm32f4xx_hal.o(i.HAL_GetTick)
    HAL_IncTick                              0x08002879   Thumb Code    16  stm32f4xx_hal.o(i.HAL_IncTick)
    HAL_Init                                 0x08002891   Thumb Code    54  stm32f4xx_hal.o(i.HAL_Init)
    HAL_InitTick                             0x080028cd   Thumb Code    64  stm32f4xx_hal.o(i.HAL_InitTick)
    HAL_MspInit                              0x08002919   Thumb Code    68  stm32f4xx_hal_msp.o(i.HAL_MspInit)
    HAL_NVIC_EnableIRQ                       0x08002961   Thumb Code    32  stm32f4xx_hal_cortex.o(i.HAL_NVIC_EnableIRQ)
    HAL_NVIC_SetPriority                     0x08002981   Thumb Code   124  stm32f4xx_hal_cortex.o(i.HAL_NVIC_SetPriority)
    HAL_NVIC_SetPriorityGrouping             0x080029fd   Thumb Code    32  stm32f4xx_hal_cortex.o(i.HAL_NVIC_SetPriorityGrouping)
    HAL_RCC_ClockConfig                      0x08002a25   Thumb Code   368  stm32f4xx_hal_rcc.o(i.HAL_RCC_ClockConfig)
    HAL_RCC_GetHCLKFreq                      0x08002ba9   Thumb Code     6  stm32f4xx_hal_rcc.o(i.HAL_RCC_GetHCLKFreq)
    HAL_RCC_GetPCLK1Freq                     0x08002bb5   Thumb Code    22  stm32f4xx_hal_rcc.o(i.HAL_RCC_GetPCLK1Freq)
    HAL_RCC_GetPCLK2Freq                     0x08002bd5   Thumb Code    22  stm32f4xx_hal_rcc.o(i.HAL_RCC_GetPCLK2Freq)
    HAL_RCC_GetSysClockFreq                  0x08002bf5   Thumb Code   162  stm32f4xx_hal_rcc.o(i.HAL_RCC_GetSysClockFreq)
    HAL_RCC_OscConfig                        0x08002ca5   Thumb Code  1152  stm32f4xx_hal_rcc.o(i.HAL_RCC_OscConfig)
    HAL_SYSTICK_Config                       0x0800312d   Thumb Code    52  stm32f4xx_hal_cortex.o(i.HAL_SYSTICK_Config)
    HAL_UART_ErrorCallback                   0x08003161   Thumb Code     2  stm32f4xx_hal_uart.o(i.HAL_UART_ErrorCallback)
    HAL_UART_IRQHandler                      0x08003165   Thumb Code   336  stm32f4xx_hal_uart.o(i.HAL_UART_IRQHandler)
    HAL_UART_Init                            0x080032b9   Thumb Code   114  stm32f4xx_hal_uart.o(i.HAL_UART_Init)
    HAL_UART_MspInit                         0x0800332d   Thumb Code   140  usart.o(i.HAL_UART_MspInit)
    HAL_UART_Receive_IT                      0x080033c5   Thumb Code   112  stm32f4xx_hal_uart.o(i.HAL_UART_Receive_IT)
    HAL_UART_RxCpltCallback                  0x08003435   Thumb Code    32  usart.o(i.HAL_UART_RxCpltCallback)
    HAL_UART_Transmit                        0x08003461   Thumb Code   216  stm32f4xx_hal_uart.o(i.HAL_UART_Transmit)
    HAL_UART_TxCpltCallback                  0x08003539   Thumb Code     2  stm32f4xx_hal_uart.o(i.HAL_UART_TxCpltCallback)
    HardFault_Handler                        0x0800353b   Thumb Code     4  stm32f4xx_it.o(i.HardFault_Handler)
    LCD_BacklightOff                         0x08003541   Thumb Code    16  lcd.o(i.LCD_BacklightOff)
    LCD_BacklightOn                          0x08003555   Thumb Code    14  lcd.o(i.LCD_BacklightOn)
    LCD_Clear                                0x08003569   Thumb Code    22  lcd.o(i.LCD_Clear)
    LCD_DrawChar                             0x08003581   Thumb Code   134  lcd.o(i.LCD_DrawChar)
    LCD_DrawLine                             0x0800360d   Thumb Code   186  lcd.o(i.LCD_DrawLine)
    LCD_DrawPixel                            0x080036c7   Thumb Code    42  lcd.o(i.LCD_DrawPixel)
    LCD_DrawString                           0x080036f1   Thumb Code    66  lcd.o(i.LCD_DrawString)
    LCD_FillRect                             0x0800376d   Thumb Code   102  lcd.o(i.LCD_FillRect)
    LCD_Init                                 0x0800389d   Thumb Code   136  lcd.o(i.LCD_Init)
    LCD_SetWindow                            0x08003929   Thumb Code    82  lcd.o(i.LCD_SetWindow)
    MX_CAN1_Init                             0x0800399d   Thumb Code    58  can.o(i.MX_CAN1_Init)
    MX_DMA_Init                              0x080039e1   Thumb Code    94  dma.o(i.MX_DMA_Init)
    MX_GPIO_Init                             0x08003a4d   Thumb Code    96  gpio.o(i.MX_GPIO_Init)
    MX_USART1_UART_Init                      0x08003ab1   Thumb Code    46  usart.o(i.MX_USART1_UART_Init)
    MemManage_Handler                        0x08003ae9   Thumb Code     4  stm32f4xx_it.o(i.MemManage_Handler)
    NMI_Handler                              0x08003aed   Thumb Code     2  stm32f4xx_it.o(i.NMI_Handler)
    PendSV_Handler                           0x08003aef   Thumb Code     2  stm32f4xx_it.o(i.PendSV_Handler)
    RobotCmd_Init                            0x08003af1   Thumb Code   128  robot_cmd.o(i.RobotCmd_Init)
    RobotCmd_ReceiveByte                     0x08003e21   Thumb Code   104  robot_cmd.o(i.RobotCmd_ReceiveByte)
    RobotCmd_SendResponse                    0x08003e9d   Thumb Code   166  robot_cmd.o(i.RobotCmd_SendResponse)
    RobotCtrl_GetJointAngle                  0x08003f55   Thumb Code    26  robot_control.o(i.RobotCtrl_GetJointAngle)
    RobotCtrl_Init                           0x08003f79   Thumb Code   234  robot_control.o(i.RobotCtrl_Init)
    RobotCtrl_MoveJointRelative              0x08004075   Thumb Code   370  robot_control.o(i.RobotCtrl_MoveJointRelative)
    RobotCtrl_MoveToJointAngles              0x08004205   Thumb Code   374  robot_control.o(i.RobotCtrl_MoveToJointAngles)
    RobotCtrl_MoveToPose                     0x08004395   Thumb Code   104  robot_control.o(i.RobotCtrl_MoveToPose)
    RobotCtrl_ReadMotorPulses                0x08004401   Thumb Code   142  robot_control.o(i.RobotCtrl_ReadMotorPulses)
    RobotCtrl_SetCurrentAsZero               0x08004495   Thumb Code    30  robot_control.o(i.RobotCtrl_SetCurrentAsZero)
    RobotCtrl_StopAll                        0x080044b3   Thumb Code    32  robot_control.o(i.RobotCtrl_StopAll)
    RobotCtrl_SyncAnglesFromMotors           0x080044d5   Thumb Code   126  robot_control.o(i.RobotCtrl_SyncAnglesFromMotors)
    RobotKin_Inverse                         0x08004561   Thumb Code    46  robot_kinematics.o(i.RobotKin_Inverse)
    RobotKin_UpdateJointAngle                0x08004595   Thumb Code    20  robot_kinematics.o(i.RobotKin_UpdateJointAngle)
    RobotSeq_CircleDemo                      0x080045ad   Thumb Code   284  robot_sequence.o(i.RobotSeq_CircleDemo)
    RobotSeq_JointDemo                       0x080046f1   Thumb Code    96  robot_sequence.o(i.RobotSeq_JointDemo)
    RobotSeq_PickAndPlace                    0x08004755   Thumb Code   108  robot_sequence.o(i.RobotSeq_PickAndPlace)
    SVC_Handler                              0x080047c5   Thumb Code     2  stm32f4xx_it.o(i.SVC_Handler)
    SysTick_Handler                          0x080047c7   Thumb Code     8  stm32f4xx_it.o(i.SysTick_Handler)
    SystemClock_Config                       0x080047d1   Thumb Code   170  main.o(i.SystemClock_Config)
    SystemInit                               0x08004885   Thumb Code    24  system_stm32f4xx.o(i.SystemInit)
    TouchCalib_Cancel                        0x080048a1   Thumb Code     8  touch_calib.o(i.TouchCalib_Cancel)
    TouchCalib_GetState                      0x080048ad   Thumb Code     6  touch_calib.o(i.TouchCalib_GetState)
    TouchCalib_ProcessTouch                  0x080048b9   Thumb Code   304  touch_calib.o(i.TouchCalib_ProcessTouch)
    TouchCalib_Start                         0x08004a59   Thumb Code    82  touch_calib.o(i.TouchCalib_Start)
    TouchUI_GetStepSize                      0x08004ae5   Thumb Code     8  touch_ui.o(i.TouchUI_GetStepSize)
    TouchUI_HandleTouch                      0x08004af1   Thumb Code   378  touch_ui.o(i.TouchUI_HandleTouch)
    TouchUI_Init                             0x08004c7d   Thumb Code   374  touch_ui.o(i.TouchUI_Init)
    TouchUI_SetMode                          0x08004e15   Thumb Code    14  touch_ui.o(i.TouchUI_SetMode)
    TouchUI_UpdateJoints                     0x08004e29   Thumb Code   282  touch_ui.o(i.TouchUI_UpdateJoints)
    TouchUI_UpdateStatus                     0x08004f51   Thumb Code   118  touch_ui.o(i.TouchUI_UpdateStatus)
    Touch_Init                               0x08004fd9   Thumb Code   190  touch.o(i.Touch_Init)
    Touch_IsPressed                          0x080050a5   Thumb Code    20  touch.o(i.Touch_IsPressed)
    Touch_LoadCalibration                    0x080050bd   Thumb Code    48  touch.o(i.Touch_LoadCalibration)
    Touch_Read                               0x080050fd   Thumb Code   162  touch.o(i.Touch_Read)
    Touch_ReadRaw                            0x0800519f   Thumb Code    32  touch.o(i.Touch_ReadRaw)
    Touch_SaveCalibration                    0x080051c1   Thumb Code   110  touch.o(i.Touch_SaveCalibration)
    Touch_SetCalibration                     0x0800523d   Thumb Code    22  touch.o(i.Touch_SetCalibration)
    USART1_IRQHandler                        0x08005811   Thumb Code    10  stm32f4xx_it.o(i.USART1_IRQHandler)
    USART1_StartReceive                      0x08005821   Thumb Code    14  usart.o(i.USART1_StartReceive)
    USER_CAN1_Filter_Init                    0x08005839   Thumb Code   120  can.o(i.USER_CAN1_Filter_Init)
    UsageFault_Handler                       0x080058b5   Thumb Code     4  stm32f4xx_it.o(i.UsageFault_Handler)
    __0snprintf                              0x080058b9   Thumb Code    44  printfa.o(i.__0snprintf)
    __1snprintf                              0x080058b9   Thumb Code     0  printfa.o(i.__0snprintf)
    __2snprintf                              0x080058b9   Thumb Code     0  printfa.o(i.__0snprintf)
    __c89snprintf                            0x080058b9   Thumb Code     0  printfa.o(i.__0snprintf)
    snprintf                                 0x080058b9   Thumb Code     0  printfa.o(i.__0snprintf)
    __ARM_fpclassify                         0x080058e9   Thumb Code    48  fpclassify.o(i.__ARM_fpclassify)
    __aeabi_errno_addr                       0x08005951   Thumb Code     4  errno.o(i.__aeabi_errno_addr)
    __rt_errno_addr                          0x08005951   Thumb Code     0  errno.o(i.__aeabi_errno_addr)
    __hardfp_atan                            0x08005959   Thumb Code   622  atan.o(i.__hardfp_atan)
    __hardfp_atan2                           0x08005c31   Thumb Code   432  atan2.o(i.__hardfp_atan2)
    __hardfp_cos                             0x08005e21   Thumb Code   180  cos.o(i.__hardfp_cos)
    __hardfp_fabs                            0x08005ee9   Thumb Code    20  fabs.o(i.__hardfp_fabs)
    __hardfp_fmod                            0x08005efd   Thumb Code   254  fmod.o(i.__hardfp_fmod)
    __hardfp_pow                             0x08006001   Thumb Code  3072  pow.o(i.__hardfp_pow)
    __hardfp_sin                             0x08006c51   Thumb Code   180  sin.o(i.__hardfp_sin)
    __hardfp_sqrt                            0x08006d19   Thumb Code   122  sqrt.o(i.__hardfp_sqrt)
    __ieee754_rem_pio2                       0x08006d99   Thumb Code   938  rred.o(i.__ieee754_rem_pio2)
    __kernel_cos                             0x080071d1   Thumb Code   322  cos_i.o(i.__kernel_cos)
    __kernel_poly                            0x08007341   Thumb Code   248  poly.o(i.__kernel_poly)
    __kernel_sin                             0x08007439   Thumb Code   280  sin_i.o(i.__kernel_sin)
    __mathlib_dbl_divzero                    0x08007569   Thumb Code    28  dunder.o(i.__mathlib_dbl_divzero)
    __mathlib_dbl_infnan                     0x08007599   Thumb Code    20  dunder.o(i.__mathlib_dbl_infnan)
    __mathlib_dbl_infnan2                    0x080075ad   Thumb Code    20  dunder.o(i.__mathlib_dbl_infnan2)
    __mathlib_dbl_invalid                    0x080075c1   Thumb Code    24  dunder.o(i.__mathlib_dbl_invalid)
    __mathlib_dbl_overflow                   0x080075e1   Thumb Code    24  dunder.o(i.__mathlib_dbl_overflow)
    __mathlib_dbl_underflow                  0x08007601   Thumb Code    24  dunder.o(i.__mathlib_dbl_underflow)
    __scatterload_copy                       0x0800853d   Thumb Code    14  handlers.o(i.__scatterload_copy)
    __scatterload_null                       0x0800854b   Thumb Code     2  handlers.o(i.__scatterload_null)
    __scatterload_zeroinit                   0x0800854d   Thumb Code    14  handlers.o(i.__scatterload_zeroinit)
    __set_errno                              0x0800855d   Thumb Code     6  errno.o(i.__set_errno)
    _is_digit                                0x080086ed   Thumb Code    14  scanf_fp.o(i._is_digit)
    atan                                     0x08008ee9   Thumb Code    16  atan.o(i.atan)
    can_SendCmd                              0x08008ef9   Thumb Code   266  can.o(i.can_SendCmd)
    fabs                                     0x080098fd   Thumb Code    24  fabs.o(i.fabs)
    main                                     0x080099bd   Thumb Code   640  main.o(i.main)
    sqrt                                     0x0800b435   Thumb Code   110  sqrt.o(i.sqrt)
    D_H                                      0x0800b508   Data          96  robot_config.o(.constdata)
    GEAR_RATIO                               0x0800b568   Data          24  robot_config.o(.constdata)
    JOINT_LIMITS                             0x0800b580   Data          48  robot_config.o(.constdata)
    JOINT_WEIGHT                             0x0800b5b0   Data          24  robot_config.o(.constdata)
    JOINT_CONFIG                             0x0800b5c8   Data         144  robot_config.o(.constdata)
    T_0_6_RESET                              0x0800b658   Data          64  robot_config.o(.constdata)
    AHBPrescTable                            0x0800b7ac   Data          16  system_stm32f4xx.o(.constdata)
    APBPrescTable                            0x0800b7bc   Data           8  system_stm32f4xx.o(.constdata)
    LCD_Font8x16                             0x0800b940   Data        1520  lcd_font.o(.constdata)
    __mathlib_zero                           0x0800c230   Data           8  qnan.o(.constdata)
    __ctype_table                            0x0800c328   Data         129  ctype_o.o(.constdata)
    Region$$Table$$Base                      0x0800c568   Number         0  anon$$obj.o(Region$$Table)
    Region$$Table$$Limit                     0x0800c588   Number         0  anon$$obj.o(Region$$Table)
    uwTick                                   0x20000010   Data           4  stm32f4xx_hal.o(.data)
    uwTickPrio                               0x20000014   Data           4  stm32f4xx_hal.o(.data)
    uwTickFreq                               0x20000018   Data           1  stm32f4xx_hal.o(.data)
    SystemCoreClock                          0x2000001c   Data           4  system_stm32f4xx.o(.data)
    can                                      0x2000005c   Data         120  can.o(.bss)
    hcan1                                    0x200000d4   Data          40  can.o(.bss)
    hdma_memtomem_dma2_stream1               0x200000fc   Data          96  dma.o(.bss)
    MMCL_cmd                                 0x2000015c   Data        1024  emm_v5.o(.bss)
    g_robot_arm                              0x20000a30   Data         236  robot_control.o(.bss)
    huart1                                   0x20000cd8   Data          64  usart.o(.bss)
    pFlash                                   0x20000d18   Data          32  stm32f4xx_hal_flash.o(.bss)
    __initial_sp                             0x20001568   Data           0  startup_stm32f407xx.o(STACK)



==============================================================================

Memory Map of the image

  Image Entry point : 0x08000189

  Load Region LR_IROM1 (Base: 0x08000000, Size: 0x0000c5d8, Max: 0x00080000, ABSOLUTE)

    Execution Region ER_IROM1 (Exec base: 0x08000000, Load base: 0x08000000, Size: 0x0000c588, Max: 0x00080000, ABSOLUTE)

    Exec Addr    Load Addr    Size         Type   Attr      Idx    E Section Name        Object

    0x08000000   0x08000000   0x00000188   Data   RO            3    RESET               startup_stm32f407xx.o
    0x08000188   0x08000188   0x00000000   Code   RO         3646  * .ARM.Collect$$$$00000000  mc_w.l(entry.o)
    0x08000188   0x08000188   0x00000004   Code   RO         3991    .ARM.Collect$$$$00000001  mc_w.l(entry2.o)
    0x0800018c   0x0800018c   0x00000004   Code   RO         3994    .ARM.Collect$$$$00000004  mc_w.l(entry5.o)
    0x08000190   0x08000190   0x00000000   Code   RO         3996    .ARM.Collect$$$$00000008  mc_w.l(entry7b.o)
    0x08000190   0x08000190   0x00000000   Code   RO         3998    .ARM.Collect$$$$0000000A  mc_w.l(entry8b.o)
    0x08000190   0x08000190   0x00000008   Code   RO         3999    .ARM.Collect$$$$0000000B  mc_w.l(entry9a.o)
    0x08000198   0x08000198   0x00000000   Code   RO         4001    .ARM.Collect$$$$0000000D  mc_w.l(entry10a.o)
    0x08000198   0x08000198   0x00000000   Code   RO         4003    .ARM.Collect$$$$0000000F  mc_w.l(entry11a.o)
    0x08000198   0x08000198   0x00000004   Code   RO         3992    .ARM.Collect$$$$00002712  mc_w.l(entry2.o)
    0x0800019c   0x0800019c   0x00000024   Code   RO            4    .text               startup_stm32f407xx.o
    0x080001c0   0x080001c0   0x00000062   Code   RO         3649    .text               mc_w.l(uldiv.o)
    0x08000222   0x08000222   0x00000024   Code   RO         3651    .text               mc_w.l(memcpya.o)
    0x08000246   0x08000246   0x00000024   Code   RO         3653    .text               mc_w.l(memseta.o)
    0x0800026a   0x0800026a   0x0000000e   Code   RO         3655    .text               mc_w.l(strlen.o)
    0x08000278   0x08000278   0x0000001c   Code   RO         3657    .text               mc_w.l(strcmp.o)
    0x08000294   0x08000294   0x0000001e   Code   RO         3659    .text               mc_w.l(strncmp.o)
    0x080002b2   0x080002b2   0x00000002   PAD
    0x080002b4   0x080002b4   0x00000044   Code   RO         3661    .text               mc_w.l(strtok.o)
    0x080002f8   0x080002f8   0x00000038   Code   RO         3930    .text               mc_w.l(__0sscanf.o)
    0x08000330   0x08000330   0x0000014c   Code   RO         3932    .text               mc_w.l(_scanf_int.o)
    0x0800047c   0x0800047c   0x00000360   Code   RO         3934    .text               mc_w.l(scanf_fp.o)
    0x080007dc   0x080007dc   0x0000001a   Code   RO         3938    .text               mc_w.l(atoi.o)
    0x080007f6   0x080007f6   0x0000014e   Code   RO         3940    .text               mf_w.l(dadd.o)
    0x08000944   0x08000944   0x000000e4   Code   RO         3942    .text               mf_w.l(dmul.o)
    0x08000a28   0x08000a28   0x000000de   Code   RO         3944    .text               mf_w.l(ddiv.o)
    0x08000b06   0x08000b06   0x00000032   Code   RO         3948    .text               mf_w.l(dfixui.o)
    0x08000b38   0x08000b38   0x00000026   Code   RO         3950    .text               mf_w.l(f2d.o)
    0x08000b5e   0x08000b5e   0x00000002   PAD
    0x08000b60   0x08000b60   0x00000030   Code   RO         3952    .text               mf_w.l(cdcmple.o)
    0x08000b90   0x08000b90   0x00000030   Code   RO         3954    .text               mf_w.l(cdrcmple.o)
    0x08000bc0   0x08000bc0   0x00000038   Code   RO         3956    .text               mf_w.l(d2f.o)
    0x08000bf8   0x08000bf8   0x0000002c   Code   RO         4008    .text               mc_w.l(uidiv.o)
    0x08000c24   0x08000c24   0x0000001e   Code   RO         4010    .text               mc_w.l(llshl.o)
    0x08000c42   0x08000c42   0x00000020   Code   RO         4012    .text               mc_w.l(llushr.o)
    0x08000c62   0x08000c62   0x00000024   Code   RO         4014    .text               mc_w.l(llsshr.o)
    0x08000c86   0x08000c86   0x0000001c   Code   RO         4023    .text               mc_w.l(_chval.o)
    0x08000ca2   0x08000ca2   0x00000002   PAD
    0x08000ca4   0x08000ca4   0x00000028   Code   RO         4025    .text               mc_w.l(scanf_char.o)
    0x08000ccc   0x08000ccc   0x00000040   Code   RO         4027    .text               mc_w.l(_sgetc.o)
    0x08000d0c   0x08000d0c   0x00000070   Code   RO         4029    .text               mc_w.l(strtol.o)
    0x08000d7c   0x08000d7c   0x00000000   Code   RO         4031    .text               mc_w.l(iusefp.o)
    0x08000d7c   0x08000d7c   0x0000006e   Code   RO         4032    .text               mf_w.l(fepilogue.o)
    0x08000dea   0x08000dea   0x000000ba   Code   RO         4034    .text               mf_w.l(depilogue.o)
    0x08000ea4   0x08000ea4   0x0000002e   Code   RO         4036    .text               mf_w.l(dscalb.o)
    0x08000ed2   0x08000ed2   0x000000a2   Code   RO         4038    .text               mf_w.l(dsqrt.o)
    0x08000f74   0x08000f74   0x00000086   Code   RO         4040    .text               mf_w.l(drem.o)
    0x08000ffa   0x08000ffa   0x00000022   Code   RO         4042    .text               mf_w.l(dflti.o)
    0x0800101c   0x0800101c   0x00000018   Code   RO         4044    .text               mf_w.l(dfltul.o)
    0x08001034   0x08001034   0x00000030   Code   RO         4046    .text               mf_w.l(dfixul.o)
    0x08001064   0x08001064   0x00000024   Code   RO         4048    .text               mc_w.l(init.o)
    0x08001088   0x08001088   0x00000008   Code   RO         4053    .text               mc_w.l(ctype_o.o)
    0x08001090   0x08001090   0x00000012   Code   RO         4075    .text               mc_w.l(isspace_o.o)
    0x080010a2   0x080010a2   0x00000002   PAD
    0x080010a4   0x080010a4   0x0000032c   Code   RO         4081    .text               mc_w.l(_scanf.o)
    0x080013d0   0x080013d0   0x0000009e   Code   RO         4083    .text               mc_w.l(_strtoul.o)
    0x0800146e   0x0800146e   0x0000001a   Code   RO         4086    .text               mf_w.l(dfltui.o)
    0x08001488   0x08001488   0x0000003e   Code   RO         4088    .text               mf_w.l(dfixi.o)
    0x080014c6   0x080014c6   0x00000004   Code   RO          307    i.BusFault_Handler  stm32f4xx_it.o
    0x080014ca   0x080014ca   0x00000002   PAD
    0x080014cc   0x080014cc   0x00000048   Code   RO          308    i.CAN1_RX0_IRQHandler  stm32f4xx_it.o
    0x08001514   0x08001514   0x00000034   Code   RO         2011    i.DMA_CalcBaseAndBitshift  stm32f4xx_hal_dma.o
    0x08001548   0x08001548   0x000000aa   Code   RO         2012    i.DMA_CheckFifoParam  stm32f4xx_hal_dma.o
    0x080015f2   0x080015f2   0x00000002   Code   RO          309    i.DebugMon_Handler  stm32f4xx_it.o
    0x080015f4   0x080015f4   0x00000058   Code   RO          459    i.Emm_V5_Pos_Control  emm_v5.o
    0x0800164c   0x0800164c   0x00000120   Code   RO          468    i.Emm_V5_Read_Sys_Params  emm_v5.o
    0x0800176c   0x0800176c   0x00000024   Code   RO          471    i.Emm_V5_Reset_CurPos_To_Zero  emm_v5.o
    0x08001790   0x08001790   0x0000002c   Code   RO          474    i.Emm_V5_Stop_Now   emm_v5.o
    0x080017bc   0x080017bc   0x00000024   Code   RO          475    i.Emm_V5_Synchronous_motion  emm_v5.o
    0x080017e0   0x080017e0   0x00000004   Code   RO           13    i.Error_Handler     main.o
    0x080017e4   0x080017e4   0x0000005c   Code   RO         1781    i.FLASH_Erase_Sector  stm32f4xx_hal_flash_ex.o
    0x08001840   0x08001840   0x00000078   Code   RO         1782    i.FLASH_FlushCaches  stm32f4xx_hal_flash_ex.o
    0x080018b8   0x080018b8   0x00000030   Code   RO         1783    i.FLASH_MassErase   stm32f4xx_hal_flash_ex.o
    0x080018e8   0x080018e8   0x00000024   Code   RO         1663    i.FLASH_Program_Byte  stm32f4xx_hal_flash.o
    0x0800190c   0x0800190c   0x0000003c   Code   RO         1664    i.FLASH_Program_DoubleWord  stm32f4xx_hal_flash.o
    0x08001948   0x08001948   0x00000028   Code   RO         1665    i.FLASH_Program_HalfWord  stm32f4xx_hal_flash.o
    0x08001970   0x08001970   0x00000028   Code   RO         1666    i.FLASH_Program_Word  stm32f4xx_hal_flash.o
    0x08001998   0x08001998   0x00000098   Code   RO         1667    i.FLASH_SetErrorCode  stm32f4xx_hal_flash.o
    0x08001a30   0x08001a30   0x00000064   Code   RO         1668    i.FLASH_WaitForLastOperation  stm32f4xx_hal_flash.o
    0x08001a94   0x08001a94   0x0000002a   Code   RO         1238    i.HAL_CAN_ActivateNotification  stm32f4xx_hal_can.o
    0x08001abe   0x08001abe   0x00000156   Code   RO         1239    i.HAL_CAN_AddTxMessage  stm32f4xx_hal_can.o
    0x08001c14   0x08001c14   0x00000124   Code   RO         1240    i.HAL_CAN_ConfigFilter  stm32f4xx_hal_can.o
    0x08001d38   0x08001d38   0x00000002   Code   RO         1243    i.HAL_CAN_ErrorCallback  stm32f4xx_hal_can.o
    0x08001d3a   0x08001d3a   0x0000017a   Code   RO         1246    i.HAL_CAN_GetRxMessage  stm32f4xx_hal_can.o
    0x08001eb4   0x08001eb4   0x0000024e   Code   RO         1250    i.HAL_CAN_IRQHandler  stm32f4xx_hal_can.o
    0x08002102   0x08002102   0x00000174   Code   RO         1251    i.HAL_CAN_Init      stm32f4xx_hal_can.o
    0x08002276   0x08002276   0x00000002   PAD
    0x08002278   0x08002278   0x00000098   Code   RO          223    i.HAL_CAN_MspInit   can.o
    0x08002310   0x08002310   0x00000002   Code   RO         1258    i.HAL_CAN_RxFifo0FullCallback  stm32f4xx_hal_can.o
    0x08002312   0x08002312   0x00000002   Code   RO         1259    i.HAL_CAN_RxFifo0MsgPendingCallback  stm32f4xx_hal_can.o
    0x08002314   0x08002314   0x00000002   Code   RO         1260    i.HAL_CAN_RxFifo1FullCallback  stm32f4xx_hal_can.o
    0x08002316   0x08002316   0x00000002   Code   RO         1261    i.HAL_CAN_RxFifo1MsgPendingCallback  stm32f4xx_hal_can.o
    0x08002318   0x08002318   0x00000002   Code   RO         1262    i.HAL_CAN_SleepCallback  stm32f4xx_hal_can.o
    0x0800231a   0x0800231a   0x0000005e   Code   RO         1263    i.HAL_CAN_Start     stm32f4xx_hal_can.o
    0x08002378   0x08002378   0x00000002   Code   RO         1265    i.HAL_CAN_TxMailbox0AbortCallback  stm32f4xx_hal_can.o
    0x0800237a   0x0800237a   0x00000002   Code   RO         1266    i.HAL_CAN_TxMailbox0CompleteCallback  stm32f4xx_hal_can.o
    0x0800237c   0x0800237c   0x00000002   Code   RO         1267    i.HAL_CAN_TxMailbox1AbortCallback  stm32f4xx_hal_can.o
    0x0800237e   0x0800237e   0x00000002   Code   RO         1268    i.HAL_CAN_TxMailbox1CompleteCallback  stm32f4xx_hal_can.o
    0x08002380   0x08002380   0x00000002   Code   RO         1269    i.HAL_CAN_TxMailbox2AbortCallback  stm32f4xx_hal_can.o
    0x08002382   0x08002382   0x00000002   Code   RO         1270    i.HAL_CAN_TxMailbox2CompleteCallback  stm32f4xx_hal_can.o
    0x08002384   0x08002384   0x00000002   Code   RO         1272    i.HAL_CAN_WakeUpFromRxMsgCallback  stm32f4xx_hal_can.o
    0x08002386   0x08002386   0x00000028   Code   RO         2015    i.HAL_DMA_Abort_IT  stm32f4xx_hal_dma.o
    0x080023ae   0x080023ae   0x00000002   PAD
    0x080023b0   0x080023b0   0x000000ec   Code   RO         2020    i.HAL_DMA_Init      stm32f4xx_hal_dma.o
    0x0800249c   0x0800249c   0x00000028   Code   RO         2438    i.HAL_Delay         stm32f4xx_hal.o
    0x080024c4   0x080024c4   0x000000ac   Code   RO         1793    i.HAL_FLASHEx_Erase  stm32f4xx_hal_flash_ex.o
    0x08002570   0x08002570   0x00000014   Code   RO         1672    i.HAL_FLASH_Lock    stm32f4xx_hal_flash.o
    0x08002584   0x08002584   0x00000098   Code   RO         1677    i.HAL_FLASH_Program  stm32f4xx_hal_flash.o
    0x0800261c   0x0800261c   0x00000034   Code   RO         1679    i.HAL_FLASH_Unlock  stm32f4xx_hal_flash.o
    0x08002650   0x08002650   0x00000200   Code   RO         1907    i.HAL_GPIO_Init     stm32f4xx_hal_gpio.o
    0x08002850   0x08002850   0x00000010   Code   RO         1909    i.HAL_GPIO_ReadPin  stm32f4xx_hal_gpio.o
    0x08002860   0x08002860   0x0000000c   Code   RO         1911    i.HAL_GPIO_WritePin  stm32f4xx_hal_gpio.o
    0x0800286c   0x0800286c   0x0000000c   Code   RO         2444    i.HAL_GetTick       stm32f4xx_hal.o
    0x08002878   0x08002878   0x00000018   Code   RO         2450    i.HAL_IncTick       stm32f4xx_hal.o
    0x08002890   0x08002890   0x0000003c   Code   RO         2451    i.HAL_Init          stm32f4xx_hal.o
    0x080028cc   0x080028cc   0x0000004c   Code   RO         2452    i.HAL_InitTick      stm32f4xx_hal.o
    0x08002918   0x08002918   0x00000048   Code   RO          394    i.HAL_MspInit       stm32f4xx_hal_msp.o
    0x08002960   0x08002960   0x00000020   Code   RO         2296    i.HAL_NVIC_EnableIRQ  stm32f4xx_hal_cortex.o
    0x08002980   0x08002980   0x0000007c   Code   RO         2302    i.HAL_NVIC_SetPriority  stm32f4xx_hal_cortex.o
    0x080029fc   0x080029fc   0x00000028   Code   RO         2303    i.HAL_NVIC_SetPriorityGrouping  stm32f4xx_hal_cortex.o
    0x08002a24   0x08002a24   0x00000184   Code   RO         1508    i.HAL_RCC_ClockConfig  stm32f4xx_hal_rcc.o
    0x08002ba8   0x08002ba8   0x0000000c   Code   RO         1513    i.HAL_RCC_GetHCLKFreq  stm32f4xx_hal_rcc.o
    0x08002bb4   0x08002bb4   0x00000020   Code   RO         1515    i.HAL_RCC_GetPCLK1Freq  stm32f4xx_hal_rcc.o
    0x08002bd4   0x08002bd4   0x00000020   Code   RO         1516    i.HAL_RCC_GetPCLK2Freq  stm32f4xx_hal_rcc.o
    0x08002bf4   0x08002bf4   0x000000b0   Code   RO         1517    i.HAL_RCC_GetSysClockFreq  stm32f4xx_hal_rcc.o
    0x08002ca4   0x08002ca4   0x00000488   Code   RO         1520    i.HAL_RCC_OscConfig  stm32f4xx_hal_rcc.o
    0x0800312c   0x0800312c   0x00000034   Code   RO         2307    i.HAL_SYSTICK_Config  stm32f4xx_hal_cortex.o
    0x08003160   0x08003160   0x00000002   Code   RO         2710    i.HAL_UART_ErrorCallback  stm32f4xx_hal_uart.o
    0x08003162   0x08003162   0x00000002   PAD
    0x08003164   0x08003164   0x00000154   Code   RO         2713    i.HAL_UART_IRQHandler  stm32f4xx_hal_uart.o
    0x080032b8   0x080032b8   0x00000072   Code   RO         2714    i.HAL_UART_Init     stm32f4xx_hal_uart.o
    0x0800332a   0x0800332a   0x00000002   PAD
    0x0800332c   0x0800332c   0x00000098   Code   RO         1183    i.HAL_UART_MspInit  usart.o
    0x080033c4   0x080033c4   0x00000070   Code   RO         2719    i.HAL_UART_Receive_IT  stm32f4xx_hal_uart.o
    0x08003434   0x08003434   0x0000002c   Code   RO         1184    i.HAL_UART_RxCpltCallback  usart.o
    0x08003460   0x08003460   0x000000d8   Code   RO         2722    i.HAL_UART_Transmit  stm32f4xx_hal_uart.o
    0x08003538   0x08003538   0x00000002   Code   RO         2725    i.HAL_UART_TxCpltCallback  stm32f4xx_hal_uart.o
    0x0800353a   0x0800353a   0x00000004   Code   RO          310    i.HardFault_Handler  stm32f4xx_it.o
    0x0800353e   0x0800353e   0x00000002   PAD
    0x08003540   0x08003540   0x00000014   Code   RO         3057    i.LCD_BacklightOff  lcd.o
    0x08003554   0x08003554   0x00000014   Code   RO         3058    i.LCD_BacklightOn   lcd.o
    0x08003568   0x08003568   0x00000016   Code   RO         3059    i.LCD_Clear         lcd.o
    0x0800357e   0x0800357e   0x00000002   PAD
    0x08003580   0x08003580   0x0000008c   Code   RO         3060    i.LCD_DrawChar      lcd.o
    0x0800360c   0x0800360c   0x000000ba   Code   RO         3061    i.LCD_DrawLine      lcd.o
    0x080036c6   0x080036c6   0x0000002a   Code   RO         3062    i.LCD_DrawPixel     lcd.o
    0x080036f0   0x080036f0   0x00000042   Code   RO         3063    i.LCD_DrawString    lcd.o
    0x08003732   0x08003732   0x00000002   PAD
    0x08003734   0x08003734   0x00000038   Code   RO         3064    i.LCD_FSMC_Init     lcd.o
    0x0800376c   0x0800376c   0x00000066   Code   RO         3065    i.LCD_FillRect      lcd.o
    0x080037d2   0x080037d2   0x00000002   PAD
    0x080037d4   0x080037d4   0x000000c8   Code   RO         3066    i.LCD_GPIO_Init     lcd.o
    0x0800389c   0x0800389c   0x0000008c   Code   RO         3067    i.LCD_Init          lcd.o
    0x08003928   0x08003928   0x00000052   Code   RO         3068    i.LCD_SetWindow     lcd.o
    0x0800397a   0x0800397a   0x00000008   Code   RO         3069    i.LCD_WrCmd         lcd.o
    0x08003982   0x08003982   0x00000002   PAD
    0x08003984   0x08003984   0x0000000c   Code   RO         3070    i.LCD_WrDat         lcd.o
    0x08003990   0x08003990   0x0000000c   Code   RO         3071    i.LCD_WrDat8        lcd.o
    0x0800399c   0x0800399c   0x00000044   Code   RO          224    i.MX_CAN1_Init      can.o
    0x080039e0   0x080039e0   0x0000006c   Code   RO          277    i.MX_DMA_Init       dma.o
    0x08003a4c   0x08003a4c   0x00000064   Code   RO          198    i.MX_GPIO_Init      gpio.o
    0x08003ab0   0x08003ab0   0x00000038   Code   RO         1185    i.MX_USART1_UART_Init  usart.o
    0x08003ae8   0x08003ae8   0x00000004   Code   RO          311    i.MemManage_Handler  stm32f4xx_it.o
    0x08003aec   0x08003aec   0x00000002   Code   RO          312    i.NMI_Handler       stm32f4xx_it.o
    0x08003aee   0x08003aee   0x00000002   Code   RO          313    i.PendSV_Handler    stm32f4xx_it.o
    0x08003af0   0x08003af0   0x00000330   Code   RO         1078    i.RobotCmd_Init     robot_cmd.o
    0x08003e20   0x08003e20   0x0000007c   Code   RO         1080    i.RobotCmd_ReceiveByte  robot_cmd.o
    0x08003e9c   0x08003e9c   0x000000b8   Code   RO         1081    i.RobotCmd_SendResponse  robot_cmd.o
    0x08003f54   0x08003f54   0x00000024   Code   RO          816    i.RobotCtrl_GetJointAngle  robot_control.o
    0x08003f78   0x08003f78   0x000000fc   Code   RO          817    i.RobotCtrl_Init    robot_control.o
    0x08004074   0x08004074   0x00000190   Code   RO          818    i.RobotCtrl_MoveJointRelative  robot_control.o
    0x08004204   0x08004204   0x00000190   Code   RO          819    i.RobotCtrl_MoveToJointAngles  robot_control.o
    0x08004394   0x08004394   0x0000006c   Code   RO          820    i.RobotCtrl_MoveToPose  robot_control.o
    0x08004400   0x08004400   0x00000094   Code   RO          821    i.RobotCtrl_ReadMotorPulses  robot_control.o
    0x08004494   0x08004494   0x0000001e   Code   RO          822    i.RobotCtrl_SetCurrentAsZero  robot_control.o
    0x080044b2   0x080044b2   0x00000020   Code   RO          823    i.RobotCtrl_StopAll  robot_control.o
    0x080044d2   0x080044d2   0x00000002   PAD
    0x080044d4   0x080044d4   0x0000008c   Code   RO          824    i.RobotCtrl_SyncAnglesFromMotors  robot_control.o
    0x08004560   0x08004560   0x00000034   Code   RO          904    i.RobotKin_Inverse  robot_kinematics.o
    0x08004594   0x08004594   0x00000018   Code   RO          908    i.RobotKin_UpdateJointAngle  robot_kinematics.o
    0x080045ac   0x080045ac   0x00000144   Code   RO         1037    i.RobotSeq_CircleDemo  robot_sequence.o
    0x080046f0   0x080046f0   0x00000064   Code   RO         1038    i.RobotSeq_JointDemo  robot_sequence.o
    0x08004754   0x08004754   0x00000070   Code   RO         1039    i.RobotSeq_PickAndPlace  robot_sequence.o
    0x080047c4   0x080047c4   0x00000002   Code   RO          314    i.SVC_Handler       stm32f4xx_it.o
    0x080047c6   0x080047c6   0x00000008   Code   RO          315    i.SysTick_Handler   stm32f4xx_it.o
    0x080047ce   0x080047ce   0x00000002   PAD
    0x080047d0   0x080047d0   0x000000b4   Code   RO           14    i.SystemClock_Config  main.o
    0x08004884   0x08004884   0x0000001c   Code   RO         3021    i.SystemInit        system_stm32f4xx.o
    0x080048a0   0x080048a0   0x0000000c   Code   RO         3407    i.TouchCalib_Cancel  touch_calib.o
    0x080048ac   0x080048ac   0x0000000c   Code   RO         3408    i.TouchCalib_GetState  touch_calib.o
    0x080048b8   0x080048b8   0x000001a0   Code   RO         3409    i.TouchCalib_ProcessTouch  touch_calib.o
    0x08004a58   0x08004a58   0x0000008c   Code   RO         3410    i.TouchCalib_Start  touch_calib.o
    0x08004ae4   0x08004ae4   0x0000000c   Code   RO         3466    i.TouchUI_GetStepSize  touch_ui.o
    0x08004af0   0x08004af0   0x0000018c   Code   RO         3467    i.TouchUI_HandleTouch  touch_ui.o
    0x08004c7c   0x08004c7c   0x00000198   Code   RO         3468    i.TouchUI_Init      touch_ui.o
    0x08004e14   0x08004e14   0x00000014   Code   RO         3470    i.TouchUI_SetMode   touch_ui.o
    0x08004e28   0x08004e28   0x00000128   Code   RO         3471    i.TouchUI_UpdateJoints  touch_ui.o
    0x08004f50   0x08004f50   0x00000088   Code   RO         3472    i.TouchUI_UpdateStatus  touch_ui.o
    0x08004fd8   0x08004fd8   0x000000cc   Code   RO         3224    i.Touch_Init        touch.o
    0x080050a4   0x080050a4   0x00000018   Code   RO         3225    i.Touch_IsPressed   touch.o
    0x080050bc   0x080050bc   0x00000040   Code   RO         3226    i.Touch_LoadCalibration  touch.o
    0x080050fc   0x080050fc   0x000000a2   Code   RO         3227    i.Touch_Read        touch.o
    0x0800519e   0x0800519e   0x00000020   Code   RO         3228    i.Touch_ReadRaw     touch.o
    0x080051be   0x080051be   0x00000002   PAD
    0x080051c0   0x080051c0   0x0000007c   Code   RO         3229    i.Touch_SaveCalibration  touch.o
    0x0800523c   0x0800523c   0x0000001c   Code   RO         3230    i.Touch_SetCalibration  touch.o
    0x08005258   0x08005258   0x00000014   Code   RO         2727    i.UART_DMAAbortOnError  stm32f4xx_hal_uart.o
    0x0800526c   0x0800526c   0x00000020   Code   RO         2737    i.UART_EndRxTransfer  stm32f4xx_hal_uart.o
    0x0800528c   0x0800528c   0x00000020   Code   RO         2738    i.UART_EndTransmit_IT  stm32f4xx_hal_uart.o
    0x080052ac   0x080052ac   0x000000a6   Code   RO         2740    i.UART_Receive_IT   stm32f4xx_hal_uart.o
    0x08005352   0x08005352   0x00000002   PAD
    0x08005354   0x08005354   0x000003e8   Code   RO         2741    i.UART_SetConfig    stm32f4xx_hal_uart.o
    0x0800573c   0x0800573c   0x00000068   Code   RO         2742    i.UART_Transmit_IT  stm32f4xx_hal_uart.o
    0x080057a4   0x080057a4   0x0000006c   Code   RO         2743    i.UART_WaitOnFlagUntilTimeout  stm32f4xx_hal_uart.o
    0x08005810   0x08005810   0x00000010   Code   RO          316    i.USART1_IRQHandler  stm32f4xx_it.o
    0x08005820   0x08005820   0x00000018   Code   RO         1186    i.USART1_StartReceive  usart.o
    0x08005838   0x08005838   0x0000007c   Code   RO          225    i.USER_CAN1_Filter_Init  can.o
    0x080058b4   0x080058b4   0x00000004   Code   RO          317    i.UsageFault_Handler  stm32f4xx_it.o
    0x080058b8   0x080058b8   0x00000030   Code   RO         3903    i.__0snprintf       mc_w.l(printfa.o)
    0x080058e8   0x080058e8   0x00000030   Code   RO         3975    i.__ARM_fpclassify  m_wm.l(fpclassify.o)
    0x08005918   0x08005918   0x00000010   Code   RO         2309    i.__NVIC_GetPriorityGrouping  stm32f4xx_hal_cortex.o
    0x08005928   0x08005928   0x00000028   Code   RO         2310    i.__NVIC_SetPriority  stm32f4xx_hal_cortex.o
    0x08005950   0x08005950   0x00000008   Code   RO         4016    i.__aeabi_errno_addr  mc_w.l(errno.o)
    0x08005958   0x08005958   0x000002d8   Code   RO         3552    i.__hardfp_atan     m_wm.l(atan.o)
    0x08005c30   0x08005c30   0x000001f0   Code   RO         3566    i.__hardfp_atan2    m_wm.l(atan2.o)
    0x08005e20   0x08005e20   0x000000c8   Code   RO         3578    i.__hardfp_cos      m_wm.l(cos.o)
    0x08005ee8   0x08005ee8   0x00000014   Code   RO         3590    i.__hardfp_fabs     m_wm.l(fabs.o)
    0x08005efc   0x08005efc   0x00000104   Code   RO         3596    i.__hardfp_fmod     m_wm.l(fmod.o)
    0x08006000   0x08006000   0x00000c50   Code   RO         3608    i.__hardfp_pow      m_wm.l(pow.o)
    0x08006c50   0x08006c50   0x000000c8   Code   RO         3622    i.__hardfp_sin      m_wm.l(sin.o)
    0x08006d18   0x08006d18   0x0000007a   Code   RO         3634    i.__hardfp_sqrt     m_wm.l(sqrt.o)
    0x08006d92   0x08006d92   0x00000006   PAD
    0x08006d98   0x08006d98   0x00000438   Code   RO         3980    i.__ieee754_rem_pio2  m_wm.l(rred.o)
    0x080071d0   0x080071d0   0x00000170   Code   RO         3958    i.__kernel_cos      m_wm.l(cos_i.o)
    0x08007340   0x08007340   0x000000f8   Code   RO         3977    i.__kernel_poly     m_wm.l(poly.o)
    0x08007438   0x08007438   0x00000130   Code   RO         3985    i.__kernel_sin      m_wm.l(sin_i.o)
    0x08007568   0x08007568   0x00000030   Code   RO         3961    i.__mathlib_dbl_divzero  m_wm.l(dunder.o)
    0x08007598   0x08007598   0x00000014   Code   RO         3962    i.__mathlib_dbl_infnan  m_wm.l(dunder.o)
    0x080075ac   0x080075ac   0x00000014   Code   RO         3963    i.__mathlib_dbl_infnan2  m_wm.l(dunder.o)
    0x080075c0   0x080075c0   0x00000020   Code   RO         3964    i.__mathlib_dbl_invalid  m_wm.l(dunder.o)
    0x080075e0   0x080075e0   0x00000020   Code   RO         3965    i.__mathlib_dbl_overflow  m_wm.l(dunder.o)
    0x08007600   0x08007600   0x00000020   Code   RO         3967    i.__mathlib_dbl_underflow  m_wm.l(dunder.o)
    0x08007620   0x08007620   0x000002d4   Code   RO          909    i.__robot_kinematics_calc_theta1  robot_kinematics.o
    0x080078f4   0x080078f4   0x000002bc   Code   RO          910    i.__robot_kinematics_calc_theta2  robot_kinematics.o
    0x08007bb0   0x08007bb0   0x00000314   Code   RO          911    i.__robot_kinematics_calc_theta4  robot_kinematics.o
    0x08007ec4   0x08007ec4   0x000002e0   Code   RO          912    i.__robot_kinematics_calc_theta5  robot_kinematics.o
    0x080081a4   0x080081a4   0x00000398   Code   RO          913    i.__robot_kinematics_calc_theta6  robot_kinematics.o
    0x0800853c   0x0800853c   0x0000000e   Code   RO         4095    i.__scatterload_copy  mc_w.l(handlers.o)
    0x0800854a   0x0800854a   0x00000002   Code   RO         4096    i.__scatterload_null  mc_w.l(handlers.o)
    0x0800854c   0x0800854c   0x0000000e   Code   RO         4097    i.__scatterload_zeroinit  mc_w.l(handlers.o)
    0x0800855a   0x0800855a   0x00000002   PAD
    0x0800855c   0x0800855c   0x0000000c   Code   RO         4018    i.__set_errno       mc_w.l(errno.o)
    0x08008568   0x08008568   0x00000184   Code   RO         3909    i._fp_digits        mc_w.l(printfa.o)
    0x080086ec   0x080086ec   0x0000000e   Code   RO         3936    i._is_digit         mc_w.l(scanf_fp.o)
    0x080086fa   0x080086fa   0x00000002   PAD
    0x080086fc   0x080086fc   0x000006dc   Code   RO         3910    i._printf_core      mc_w.l(printfa.o)
    0x08008dd8   0x08008dd8   0x00000024   Code   RO         3911    i._printf_post_padding  mc_w.l(printfa.o)
    0x08008dfc   0x08008dfc   0x0000002e   Code   RO         3912    i._printf_pre_padding  mc_w.l(printfa.o)
    0x08008e2a   0x08008e2a   0x00000016   Code   RO         3913    i._snputc           mc_w.l(printfa.o)
    0x08008e40   0x08008e40   0x000000a8   Code   RO         3231    i.apply_calibration  touch.o
    0x08008ee8   0x08008ee8   0x00000010   Code   RO         3554    i.atan              m_wm.l(atan.o)
    0x08008ef8   0x08008ef8   0x00000118   Code   RO          226    i.can_SendCmd       can.o
    0x08009010   0x08009010   0x000000b0   Code   RO         3411    i.compute_calibration  touch_calib.o
    0x080090c0   0x080090c0   0x00000044   Code   RO         3412    i.draw_crosshair    touch_calib.o
    0x08009104   0x08009104   0x00000040   Code   RO         3473    i.draw_info_bg      touch_ui.o
    0x08009144   0x08009144   0x00000070   Code   RO         3474    i.draw_mode_badge   touch_ui.o
    0x080091b4   0x080091b4   0x0000015c   Code   RO         3475    i.draw_rounded_btn  touch_ui.o
    0x08009310   0x08009310   0x000000fc   Code   RO         3476    i.draw_step_badge   touch_ui.o
    0x0800940c   0x0800940c   0x000004f0   Code   RO         1082    i.execute_command   robot_cmd.o
    0x080098fc   0x080098fc   0x00000018   Code   RO         3592    i.fabs              m_wm.l(fabs.o)
    0x08009914   0x08009914   0x000000a8   Code   RO         3477    i.fmt_angle_s       touch_ui.o
    0x080099bc   0x080099bc   0x000002ac   Code   RO           15    i.main              main.o
    0x08009c68   0x08009c68   0x0000002e   Code   RO         3232    i.median_filter     touch.o
    0x08009c96   0x08009c96   0x00000002   PAD
    0x08009c98   0x08009c98   0x0000012c   Code   RO         1083    i.parse_abs_rotate  robot_cmd.o
    0x08009dc4   0x08009dc4   0x00000104   Code   RO         1084    i.parse_auto        robot_cmd.o
    0x08009ec8   0x08009ec8   0x00000144   Code   RO         1085    i.parse_calibrate   robot_cmd.o
    0x0800a00c   0x0800a00c   0x00000108   Code   RO         1086    i.parse_rel_rotate  robot_cmd.o
    0x0800a114   0x0800a114   0x000001a4   Code   RO         1087    i.parse_rl_step     robot_cmd.o
    0x0800a2b8   0x0800a2b8   0x000000e4   Code   RO         1088    i.parse_status      robot_cmd.o
    0x0800a39c   0x0800a39c   0x0000002c   Code   RO         1089    i.parse_stop        robot_cmd.o
    0x0800a3c8   0x0800a3c8   0x000000d4   Code   RO         1090    i.parse_sync        robot_cmd.o
    0x0800a49c   0x0800a49c   0x00000154   Code   RO         1091    i.parse_sync_pos    robot_cmd.o
    0x0800a5f0   0x0800a5f0   0x00000034   Code   RO         1092    i.parse_zero        robot_cmd.o
    0x0800a624   0x0800a624   0x000000c8   Code   RO          914    i.radians_to_degrees_0_360  robot_kinematics.o
    0x0800a6ec   0x0800a6ec   0x00000028   Code   RO          915    i.robot_kinematics_calc  robot_kinematics.o
    0x0800a714   0x0800a714   0x00000058   Code   RO          916    i.robot_kinematics_calc_theta1  robot_kinematics.o
    0x0800a76c   0x0800a76c   0x00000080   Code   RO          917    i.robot_kinematics_calc_theta2  robot_kinematics.o
    0x0800a7ec   0x0800a7ec   0x0000076c   Code   RO          918    i.robot_kinematics_calc_theta3  robot_kinematics.o
    0x0800af58   0x0800af58   0x00000084   Code   RO          919    i.robot_kinematics_calc_theta4  robot_kinematics.o
    0x0800afdc   0x0800afdc   0x00000070   Code   RO          920    i.robot_kinematics_calc_theta5  robot_kinematics.o
    0x0800b04c   0x0800b04c   0x0000009c   Code   RO          921    i.robot_kinematics_calc_theta6  robot_kinematics.o
    0x0800b0e8   0x0800b0e8   0x00000138   Code   RO          922    i.robot_kinematics_get_optimal_result  robot_kinematics.o
    0x0800b220   0x0800b220   0x0000014c   Code   RO          923    i.robot_kinematics_joint_angle_map  robot_kinematics.o
    0x0800b36c   0x0800b36c   0x00000048   Code   RO          924    i.robot_kinematics_radians_to_degrees  robot_kinematics.o
    0x0800b3b4   0x0800b3b4   0x00000016   Code   RO         3233    i.spi_delay         touch.o
    0x0800b3ca   0x0800b3ca   0x00000002   PAD
    0x0800b3cc   0x0800b3cc   0x00000068   Code   RO         3234    i.spi_transfer      touch.o
    0x0800b434   0x0800b434   0x0000006e   Code   RO         3636    i.sqrt              m_wm.l(sqrt.o)
    0x0800b4a2   0x0800b4a2   0x00000002   PAD
    0x0800b4a4   0x0800b4a4   0x00000064   Code   RO         3235    i.xpt2046_read_adc  touch.o
    0x0800b508   0x0800b508   0x00000190   Data   RO          800    .constdata          robot_config.o
    0x0800b698   0x0800b698   0x0000010c   Data   RO         1040    .constdata          robot_sequence.o
    0x0800b7a4   0x0800b7a4   0x00000008   Data   RO         2026    .constdata          stm32f4xx_hal_dma.o
    0x0800b7ac   0x0800b7ac   0x00000018   Data   RO         3022    .constdata          system_stm32f4xx.o
    0x0800b7c4   0x0800b7c4   0x0000017c   Data   RO         3072    .constdata          lcd.o
    0x0800b940   0x0800b940   0x000005f0   Data   RO         3163    .constdata          lcd_font.o
    0x0800bf30   0x0800bf30   0x00000018   Data   RO         3237    .constdata          touch.o
    0x0800bf48   0x0800bf48   0x00000010   Data   RO         3414    .constdata          touch_calib.o
    0x0800bf58   0x0800bf58   0x00000182   Data   RO         3478    .constdata          touch_ui.o
    0x0800c0da   0x0800c0da   0x00000006   PAD
    0x0800c0e0   0x0800c0e0   0x00000098   Data   RO         3555    .constdata          m_wm.l(atan.o)
    0x0800c178   0x0800c178   0x00000088   Data   RO         3611    .constdata          m_wm.l(pow.o)
    0x0800c200   0x0800c200   0x00000030   Data   RO         3959    .constdata          m_wm.l(cos_i.o)
    0x0800c230   0x0800c230   0x00000008   Data   RO         3979    .constdata          m_wm.l(qnan.o)
    0x0800c238   0x0800c238   0x000000c8   Data   RO         3982    .constdata          m_wm.l(rred.o)
    0x0800c300   0x0800c300   0x00000028   Data   RO         3986    .constdata          m_wm.l(sin_i.o)
    0x0800c328   0x0800c328   0x00000081   Data   RO         4054    .constdata          mc_w.l(ctype_o.o)
    0x0800c3a9   0x0800c3a9   0x00000003   PAD
    0x0800c3ac   0x0800c3ac   0x00000004   Data   RO         4055    .constdata          mc_w.l(ctype_o.o)
    0x0800c3b0   0x0800c3b0   0x0000015f   Data   RO         1094    .conststring        robot_cmd.o
    0x0800c50f   0x0800c50f   0x00000001   PAD
    0x0800c510   0x0800c510   0x00000055   Data   RO         3479    .conststring        touch_ui.o
    0x0800c565   0x0800c565   0x00000003   PAD
    0x0800c568   0x0800c568   0x00000020   Data   RO         4093    Region$$Table       anon$$obj.o


    Execution Region RW_IRAM1 (Exec base: 0x20000000, Load base: 0x0800c588, Size: 0x00001568, Max: 0x00020000, ABSOLUTE)

    Exec Addr    Load Addr    Size         Type   Attr      Idx    E Section Name        Object

    0x20000000   0x0800c588   0x00000008   Data   RW           17    .data               main.o
    0x20000008   0x0800c590   0x00000004   Data   RW          228    .data               can.o
    0x2000000c   0x0800c594   0x00000002   Data   RW         1095    .data               robot_cmd.o
    0x2000000e   0x0800c596   0x00000001   Data   RW         1188    .data               usart.o
    0x2000000f   0x0800c597   0x00000001   PAD
    0x20000010   0x0800c598   0x00000009   Data   RW         2458    .data               stm32f4xx_hal.o
    0x20000019   0x0800c5a1   0x00000003   PAD
    0x2000001c   0x0800c5a4   0x00000004   Data   RW         3023    .data               system_stm32f4xx.o
    0x20000020   0x0800c5a8   0x00000008   Data   RW         3415    .data               touch_calib.o
    0x20000028   0x0800c5b0   0x0000001e   Data   RW         3480    .data               touch_ui.o
    0x20000046   0x0800c5ce   0x00000002   PAD
    0x20000048   0x0800c5d0   0x00000004   Data   RW         3662    .data               mc_w.l(strtok.o)
    0x2000004c   0x0800c5d4   0x00000004   Data   RW         4019    .data               mc_w.l(errno.o)
    0x20000050        -       0x0000000a   Zero   RW           16    .bss                main.o
    0x2000005a   0x0800c5d8   0x00000002   PAD
    0x2000005c        -       0x000000a0   Zero   RW          227    .bss                can.o
    0x200000fc        -       0x00000060   Zero   RW          278    .bss                dma.o
    0x2000015c        -       0x000008d4   Zero   RW          478    .bss                emm_v5.o
    0x20000a30        -       0x000000ec   Zero   RW          825    .bss                robot_control.o
    0x20000b1c        -       0x000000bc   Zero   RW          925    .bss                robot_kinematics.o
    0x20000bd8        -       0x00000100   Zero   RW         1093    .bss                robot_cmd.o
    0x20000cd8        -       0x00000040   Zero   RW         1187    .bss                usart.o
    0x20000d18        -       0x00000020   Zero   RW         1680    .bss                stm32f4xx_hal_flash.o
    0x20000d38        -       0x0000001c   Zero   RW         3236    .bss                touch.o
    0x20000d54        -       0x00000010   Zero   RW         3413    .bss                touch_calib.o
    0x20000d64   0x0800c5d8   0x00000004   PAD
    0x20000d68        -       0x00000800   Zero   RW            1    STACK               startup_stm32f407xx.o


==============================================================================

Image component sizes


      Code (inc. data)   RO Data    RW Data    ZI Data      Debug   Object Name

       624         40          0          4        160       3779   can.o
       108         14          0          0         96       1083   dma.o
       492         40          0          0       2260      26994   emm_v5.o
       100          4          0          0          0        863   gpio.o
      1108         54        380          0          0      10314   lcd.o
         0          0       1520          0          0        531   lcd_font.o
       868         70          0          8         10     680224   main.o
      4832       2350        351          2        256      11307   robot_cmd.o
         0          0        400          0          0       1696   robot_config.o
      1546        108          0          0        236       9458   robot_control.o
      7416        258          0          0        188      17599   robot_kinematics.o
       536         48        268          0          0       4091   robot_sequence.o
        36          8        392          0       2048        860   startup_stm32f407xx.o
       212         36          0          9          0       9569   stm32f4xx_hal.o
      2136          6          0          0          0      15379   stm32f4xx_hal_can.o
       304         22          0          0          0      34615   stm32f4xx_hal_cortex.o
       498         10          8          0          0       3530   stm32f4xx_hal_dma.o
       652         64          0          0         32       6206   stm32f4xx_hal_flash.o
       432         26          0          0          0       3366   stm32f4xx_hal_flash_ex.o
       540         46          0          0          0       3075   stm32f4xx_hal_gpio.o
        72          4          0          0          0        874   stm32f4xx_hal_msp.o
      1800         84          0          0          0       5768   stm32f4xx_hal_rcc.o
      2248         12          0          0          0      10303   stm32f4xx_hal_uart.o
       120         16          0          0          0       5400   stm32f4xx_it.o
        28          4         24          4          0       1199   system_stm32f4xx.o
      1078         70         24          0         28      18147   touch.o
       824        184         16          8         16       5191   touch_calib.o
      2212        128        471         30          0       9419   touch_ui.o
       276         44          0          1         64       2854   usart.o

    ----------------------------------------------------------------------
     31130       3750       3896         72       5400     903694   Object Totals
         0          0         32          0          0          0   (incl. Generated)
        32          0         10          6          6          0   (incl. Padding)

    ----------------------------------------------------------------------

      Code (inc. data)   RO Data    RW Data    ZI Data      Debug   Library Member Name

       744        106        152          0          0        352   atan.o
       496         64          0          0          0        192   atan2.o
       200         20          0          0          0        164   cos.o
       368         46         48          0          0        200   cos_i.o
       184         44          0          0          0        744   dunder.o
        44          0          0          0          0        248   fabs.o
       260          6          0          0          0        144   fmod.o
        48          0          0          0          0        124   fpclassify.o
       248          0          0          0          0        152   poly.o
      3152        296        136          0          0        352   pow.o
         0          0          8          0          0          0   qnan.o
      1080        142        200          0          0        188   rred.o
       200         20          0          0          0        164   sin.o
       304         24         40          0          0        208   sin_i.o
       232          0          0          0          0        296   sqrt.o
        56          8          0          0          0         84   __0sscanf.o
        28          0          0          0          0         68   _chval.o
       812          4          0          0          0        112   _scanf.o
       332          0          0          0          0         96   _scanf_int.o
        64          0          0          0          0         84   _sgetc.o
       158          0          0          0          0         92   _strtoul.o
        26          0          0          0          0         80   atoi.o
         8          4        133          0          0         68   ctype_o.o
         0          0          0          0          0          0   entry.o
         0          0          0          0          0          0   entry10a.o
         0          0          0          0          0          0   entry11a.o
         8          4          0          0          0          0   entry2.o
         4          0          0          0          0          0   entry5.o
         0          0          0          0          0          0   entry7b.o
         0          0          0          0          0          0   entry8b.o
         8          4          0          0          0          0   entry9a.o
        20         10          0          4          0        136   errno.o
        30          0          0          0          0          0   handlers.o
        36          8          0          0          0         68   init.o
        18          0          0          0          0         76   isspace_o.o
         0          0          0          0          0          0   iusefp.o
        30          0          0          0          0         68   llshl.o
        36          0          0          0          0         68   llsshr.o
        32          0          0          0          0         68   llushr.o
        36          0          0          0          0         68   memcpya.o
        36          0          0          0          0        108   memseta.o
      2296         84          0          0          0        520   printfa.o
        40          8          0          0          0         84   scanf_char.o
       878         12          0          0          0        216   scanf_fp.o
        28          0          0          0          0         76   strcmp.o
        14          0          0          0          0         68   strlen.o
        30          0          0          0          0         80   strncmp.o
        68          6          0          4          0         80   strtok.o
       112          0          0          0          0         88   strtol.o
        44          0          0          0          0         80   uidiv.o
        98          0          0          0          0         92   uldiv.o
        48          0          0          0          0         68   cdcmple.o
        48          0          0          0          0         68   cdrcmple.o
        56          0          0          0          0         88   d2f.o
       334          0          0          0          0        148   dadd.o
       222          0          0          0          0        100   ddiv.o
       186          0          0          0          0        176   depilogue.o
        62          0          0          0          0         80   dfixi.o
        50          0          0          0          0         76   dfixui.o
        48          0          0          0          0         68   dfixul.o
        34          0          0          0          0         76   dflti.o
        26          0          0          0          0         76   dfltui.o
        24          0          0          0          0         76   dfltul.o
       228          0          0          0          0         96   dmul.o
       134          0          0          0          0         96   drem.o
        46          0          0          0          0         80   dscalb.o
       162          0          0          0          0        100   dsqrt.o
        38          0          0          0          0         68   f2d.o
       110          0          0          0          0        168   fepilogue.o

    ----------------------------------------------------------------------
     14822        920        720          8          0       7964   Library Totals
        20          0          3          0          0          0   (incl. Padding)

    ----------------------------------------------------------------------

      Code (inc. data)   RO Data    RW Data    ZI Data      Debug   Library Name

      7560        768        584          0          0       3528   m_wm.l
      5386        152        133          8          0       2728   mc_w.l
      1856          0          0          0          0       1708   mf_w.l

    ----------------------------------------------------------------------
     14822        920        720          8          0       7964   Library Totals

    ----------------------------------------------------------------------

==============================================================================


      Code (inc. data)   RO Data    RW Data    ZI Data      Debug   

     45952       4670       4616         80       5400     889318   Grand Totals
     45952       4670       4616         80       5400     889318   ELF Image Totals
     45952       4670       4616         80          0          0   ROM Totals

==============================================================================

    Total RO  Size (Code + RO Data)                50568 (  49.38kB)
    Total RW  Size (RW Data + ZI Data)              5480 (   5.35kB)
    Total ROM Size (Code + RO Data + RW Data)      50648 (  49.46kB)

==============================================================================

